2026-03-12 15:35:11,685 [INFO] [JINJA] searchpath: D:\Users\yeshk\Documents\ait_platform\app\../templates
2026-03-12 15:35:11,692 [INFO] [31m[1mWARNING: This is a development server. Do not use it in a production deployment. Use a production WSGI server instead.[0m
 * Running on http://127.0.0.1:5000
2026-03-12 15:35:11,692 [INFO] [33mPress CTRL+C to quit[0m
2026-03-12 15:36:02,154 [INFO] [JINJA] searchpath: D:\Users\yeshk\Documents\ait_platform\app\../templates
2026-03-12 15:36:02,161 [INFO] [31m[1mWARNING: This is a development server. Do not use it in a production deployment. Use a production WSGI server instead.[0m
 * Running on http://127.0.0.1:5000
2026-03-12 15:36:02,161 [INFO] [33mPress CTRL+C to quit[0m
2026-03-12 15:39:28,714 [INFO] [JINJA] searchpath: D:\Users\yeshk\Documents\ait_platform\app\../templates
2026-03-12 15:39:28,721 [INFO] [31m[1mWARNING: This is a development server. Do not use it in a production deployment. Use a production WSGI server instead.[0m
 * Running on http://127.0.0.1:5000
2026-03-12 15:39:28,721 [INFO] [33mPress CTRL+C to quit[0m
2026-03-12 16:25:50,454 [INFO] [JINJA] searchpath: D:\Users\yeshk\Documents\ait_platform\app\../templates
2026-03-12 16:25:50,458 [INFO] [31m[1mWARNING: This is a development server. Do not use it in a production deployment. Use a production WSGI server instead.[0m
 * Running on http://127.0.0.1:5000
2026-03-12 16:25:50,459 [INFO] [33mPress CTRL+C to quit[0m
2026-03-12 20:42:49,627 [INFO] [31m[1mWARNING: This is a development server. Do not use it in a production deployment. Use a production WSGI server instead.[0m
 * Running on http://127.0.0.1:5000
2026-03-12 20:42:49,628 [INFO] [33mPress CTRL+C to quit[0m
2026-03-12 20:44:07,521 [INFO] [31m[1mWARNING: This is a development server. Do not use it in a production deployment. Use a production WSGI server instead.[0m
 * Running on http://127.0.0.1:5000
2026-03-12 20:44:07,521 [INFO] [33mPress CTRL+C to quit[0m
2026-03-12 20:44:46,615 [INFO] [31m[1mWARNING: This is a development server. Do not use it in a production deployment. Use a production WSGI server instead.[0m
 * Running on http://127.0.0.1:5000
2026-03-12 20:44:46,615 [INFO] [33mPress CTRL+C to quit[0m
2026-03-12 20:45:24,755 [INFO] [31m[1mWARNING: This is a development server. Do not use it in a production deployment. Use a production WSGI server instead.[0m
 * Running on http://127.0.0.1:5000
2026-03-12 20:45:24,755 [INFO] [33mPress CTRL+C to quit[0m
2026-03-12 20:50:35,928 [INFO] [31m[1mWARNING: This is a development server. Do not use it in a production deployment. Use a production WSGI server instead.[0m
 * Running on http://127.0.0.1:5000
2026-03-12 20:50:35,928 [INFO] [33mPress CTRL+C to quit[0m
2026-03-12 20:52:45,395 [INFO] [cc1ad2a8] \u2192 GET / ep=public_bp.welcome args={} form={} user_id=None
2026-03-12 20:52:45,417 [INFO] Route hit: public_bp.welcome (/)
2026-03-12 20:52:45,481 [INFO] [cc1ad2a8] \u2190 200 OK
2026-03-12 20:52:45,482 [INFO] 127.0.0.1 - - [12/Mar/2026 20:52:45] "GET / HTTP/1.1" 200 -
2026-03-12 20:52:45,721 [INFO] [fdc40b06] \u2192 GET /static/favicon.ico ep=static args={} form={} user_id=None
2026-03-12 20:52:45,721 [INFO] Route hit: static (/static/favicon.ico)
2026-03-12 20:52:45,759 [INFO] [fdc40b06] \u2190 304 NOT MODIFIED
2026-03-12 20:52:45,759 [INFO] 127.0.0.1 - - [12/Mar/2026 20:52:45] "[36mGET /static/favicon.ico HTTP/1.1[0m" 304 -
2026-03-12 20:54:54,860 [INFO] [31m[1mWARNING: This is a development server. Do not use it in a production deployment. Use a production WSGI server instead.[0m
 * Running on http://127.0.0.1:5000
2026-03-12 20:54:54,861 [INFO] [33mPress CTRL+C to quit[0m
2026-03-12 20:54:54,863 [INFO]  * Restarting with stat
2026-03-12 20:54:58,053 [WARNING]  * Debugger is active!
2026-03-12 20:54:58,057 [INFO]  * Debugger PIN: 126-212-810
2026-03-12 20:56:29,836 [INFO] [31m[1mWARNING: This is a development server. Do not use it in a production deployment. Use a production WSGI server instead.[0m
 * Running on http://127.0.0.1:5000
2026-03-12 20:56:29,836 [INFO] [33mPress CTRL+C to quit[0m
2026-03-12 20:56:55,877 [INFO] [31m[1mWARNING: This is a development server. Do not use it in a production deployment. Use a production WSGI server instead.[0m
 * Running on http://127.0.0.1:5000
2026-03-12 20:56:55,877 [INFO] [33mPress CTRL+C to quit[0m
2026-03-12 20:57:59,542 [INFO] [31m[1mWARNING: This is a development server. Do not use it in a production deployment. Use a production WSGI server instead.[0m
 * Running on http://127.0.0.1:5000
2026-03-12 20:57:59,543 [INFO] [33mPress CTRL+C to quit[0m
2026-03-12 21:08:39,229 [INFO] [31m[1mWARNING: This is a development server. Do not use it in a production deployment. Use a production WSGI server instead.[0m
 * Running on http://127.0.0.1:5000
2026-03-12 21:08:39,229 [INFO] [33mPress CTRL+C to quit[0m
2026-03-12 21:10:14,606 [INFO] [31m[1mWARNING: This is a development server. Do not use it in a production deployment. Use a production WSGI server instead.[0m
 * Running on http://127.0.0.1:5000
2026-03-12 21:10:14,606 [INFO] [33mPress CTRL+C to quit[0m
2026-03-12 21:10:14,608 [INFO]  * Restarting with stat
2026-03-12 21:10:17,709 [WARNING]  * Debugger is active!
2026-03-12 21:10:17,712 [INFO]  * Debugger PIN: 126-212-810
2026-03-12 21:11:16,763 [INFO] [31m[1mWARNING: This is a development server. Do not use it in a production deployment. Use a production WSGI server instead.[0m
 * Running on http://127.0.0.1:5000
2026-03-12 21:11:16,763 [INFO] [33mPress CTRL+C to quit[0m
2026-03-12 21:11:16,765 [INFO]  * Restarting with stat
2026-03-12 21:11:19,919 [WARNING]  * Debugger is active!
2026-03-12 21:11:19,923 [INFO]  * Debugger PIN: 126-212-810
2026-03-12 21:13:40,911 [INFO]  * Detected change in 'D:\\Users\\yeshk\\Documents\\ait_platform\\app\\__init__.py', reloading
2026-03-12 21:13:41,559 [INFO]  * Restarting with stat
2026-03-12 21:13:44,866 [INFO] [JINJA] searchpath: D:\Users\yeshk\Documents\ait_platform\app\../templates
2026-03-12 21:13:44,880 [WARNING]  * Debugger is active!
2026-03-12 21:13:44,883 [INFO]  * Debugger PIN: 126-212-810
2026-03-12 21:13:53,818 [INFO] [JINJA] searchpath: D:\Users\yeshk\Documents\ait_platform\app\../templates
2026-03-12 21:13:53,826 [INFO] [31m[1mWARNING: This is a development server. Do not use it in a production deployment. Use a production WSGI server instead.[0m
 * Running on http://127.0.0.1:5000
2026-03-12 21:13:53,826 [INFO] [33mPress CTRL+C to quit[0m
2026-03-12 21:14:25,775 [INFO] [JINJA] searchpath: D:\Users\yeshk\Documents\ait_platform\app\../templates
2026-03-12 21:14:25,796 [INFO] [31m[1mWARNING: This is a development server. Do not use it in a production deployment. Use a production WSGI server instead.[0m
 * Running on http://127.0.0.1:5000
2026-03-12 21:14:25,796 [INFO] [33mPress CTRL+C to quit[0m
2026-03-12 21:14:25,797 [INFO]  * Restarting with stat
2026-03-12 21:14:28,920 [INFO] [JINJA] searchpath: D:\Users\yeshk\Documents\ait_platform\app\../templates
2026-03-12 21:14:28,934 [WARNING]  * Debugger is active!
2026-03-12 21:14:28,937 [INFO]  * Debugger PIN: 126-212-810
2026-03-12 21:16:58,515 [INFO] [JINJA] searchpath: D:\Users\yeshk\Documents\ait_platform\app\../templates
2026-03-12 21:16:58,521 [INFO] [31m[1mWARNING: This is a development server. Do not use it in a production deployment. Use a production WSGI server instead.[0m
 * Running on http://127.0.0.1:5000
2026-03-12 21:16:58,522 [INFO] [33mPress CTRL+C to quit[0m
2026-03-12 21:23:39,095 [INFO] [JINJA] searchpath: D:\Users\yeshk\Documents\ait_platform\app\../templates
2026-03-12 21:23:39,116 [INFO] [31m[1mWARNING: This is a development server. Do not use it in a production deployment. Use a production WSGI server instead.[0m
 * Running on http://127.0.0.1:5000
2026-03-12 21:23:39,116 [INFO] [33mPress CTRL+C to quit[0m
2026-03-12 21:23:39,118 [INFO]  * Restarting with stat
2026-03-12 21:23:42,401 [INFO] [JINJA] searchpath: D:\Users\yeshk\Documents\ait_platform\app\../templates
2026-03-12 21:23:42,417 [WARNING]  * Debugger is active!
2026-03-12 21:23:42,420 [INFO]  * Debugger PIN: 126-212-810
2026-03-13 04:57:49,326 [INFO] [JINJA] searchpath: D:\Users\yeshk\Documents\ait_platform\app\../templates
2026-03-13 04:57:49,346 [INFO] [31m[1mWARNING: This is a development server. Do not use it in a production deployment. Use a production WSGI server instead.[0m
 * Running on http://127.0.0.1:5000
2026-03-13 04:57:49,347 [INFO] [33mPress CTRL+C to quit[0m
2026-03-13 04:57:49,348 [INFO]  * Restarting with stat
2026-03-13 04:57:52,610 [INFO] [JINJA] searchpath: D:\Users\yeshk\Documents\ait_platform\app\../templates
2026-03-13 04:57:52,627 [WARNING]  * Debugger is active!
2026-03-13 04:57:52,632 [INFO]  * Debugger PIN: 126-212-810
2026-03-13 04:59:09,597 [INFO] [JINJA] searchpath: D:\Users\yeshk\Documents\ait_platform\app\../templates
2026-03-13 04:59:09,615 [INFO] [31m[1mWARNING: This is a development server. Do not use it in a production deployment. Use a production WSGI server instead.[0m
 * Running on http://127.0.0.1:5000
2026-03-13 04:59:09,616 [INFO] [33mPress CTRL+C to quit[0m
2026-03-13 04:59:09,617 [INFO]  * Restarting with stat
2026-03-13 04:59:12,730 [INFO] [JINJA] searchpath: D:\Users\yeshk\Documents\ait_platform\app\../templates
2026-03-13 04:59:12,744 [WARNING]  * Debugger is active!
2026-03-13 04:59:12,747 [INFO]  * Debugger PIN: 126-212-810
2026-03-13 05:01:24,187 [INFO] [JINJA] searchpath: D:\Users\yeshk\Documents\ait_platform\app\../templates
2026-03-13 05:07:59,728 [INFO] [JINJA] searchpath: D:\Users\yeshk\Documents\ait_platform\app\../templates
2026-03-13 05:07:59,746 [INFO] [31m[1mWARNING: This is a development server. Do not use it in a production deployment. Use a production WSGI server instead.[0m
 * Running on http://127.0.0.1:5000
2026-03-13 05:07:59,746 [INFO] [33mPress CTRL+C to quit[0m
2026-03-13 05:07:59,748 [INFO]  * Restarting with stat
2026-03-13 05:08:02,940 [INFO] [JINJA] searchpath: D:\Users\yeshk\Documents\ait_platform\app\../templates
2026-03-13 05:08:02,954 [WARNING]  * Debugger is active!
2026-03-13 05:08:02,958 [INFO]  * Debugger PIN: 126-212-810
2026-03-13 05:10:40,622 [INFO] [JINJA] searchpath: D:\Users\yeshk\Documents\ait_platform\app\../templates
2026-03-13 05:11:02,275 [INFO] [JINJA] searchpath: D:\Users\yeshk\Documents\ait_platform\app\../templates
2026-03-13 05:11:02,292 [INFO] [31m[1mWARNING: This is a development server. Do not use it in a production deployment. Use a production WSGI server instead.[0m
 * Running on http://127.0.0.1:5000
2026-03-13 05:11:02,292 [INFO] [33mPress CTRL+C to quit[0m
2026-03-13 05:11:02,294 [INFO]  * Restarting with stat
2026-03-13 05:11:05,371 [INFO] [JINJA] searchpath: D:\Users\yeshk\Documents\ait_platform\app\../templates
2026-03-13 05:11:05,385 [WARNING]  * Debugger is active!
2026-03-13 05:11:05,389 [INFO]  * Debugger PIN: 126-212-810
2026-03-13 05:12:23,366 [INFO] [JINJA] searchpath: D:\Users\yeshk\Documents\ait_platform\app\../templates
2026-03-13 05:12:23,386 [INFO] [31m[1mWARNING: This is a development server. Do not use it in a production deployment. Use a production WSGI server instead.[0m
 * Running on http://127.0.0.1:5000
2026-03-13 05:12:23,386 [INFO] [33mPress CTRL+C to quit[0m
2026-03-13 05:13:56,214 [INFO] [JINJA] searchpath: D:\Users\yeshk\Documents\ait_platform\app\../templates
2026-03-13 05:13:56,219 [INFO] [31m[1mWARNING: This is a development server. Do not use it in a production deployment. Use a production WSGI server instead.[0m
 * Running on http://127.0.0.1:5000
2026-03-13 05:13:56,220 [INFO] [33mPress CTRL+C to quit[0m
2026-03-13 05:17:08,431 [INFO] [JINJA] searchpath: D:\Users\yeshk\Documents\ait_platform\app\../templates
2026-03-13 05:21:52,021 [INFO] [JINJA] searchpath: D:\Users\yeshk\Documents\ait_platform\app\../templates
2026-03-13 05:21:52,041 [INFO] [31m[1mWARNING: This is a development server. Do not use it in a production deployment. Use a production WSGI server instead.[0m
 * Running on http://127.0.0.1:5000
2026-03-13 05:21:52,041 [INFO] [33mPress CTRL+C to quit[0m
2026-03-13 05:21:52,043 [INFO]  * Restarting with stat
2026-03-13 05:21:55,152 [INFO] [JINJA] searchpath: D:\Users\yeshk\Documents\ait_platform\app\../templates
2026-03-13 05:21:55,166 [WARNING]  * Debugger is active!
2026-03-13 05:21:55,169 [INFO]  * Debugger PIN: 126-212-810
2026-03-13 05:22:35,054 [INFO] [8c0f4bc8] \u2192 GET / ep=public_bp.welcome args={} form={} user_id=None
2026-03-13 05:22:35,061 [INFO] Route hit: public_bp.welcome (/)
2026-03-13 05:22:35,080 [INFO] [8c0f4bc8] \u2190 200 OK
2026-03-13 05:22:35,081 [INFO] 127.0.0.1 - - [13/Mar/2026 05:22:35] "GET / HTTP/1.1" 200 -
2026-03-13 05:22:35,486 [INFO] [4bb16a40] \u2192 GET /static/favicon.ico ep=static args={} form={} user_id=None
2026-03-13 05:22:35,487 [INFO] Route hit: static (/static/favicon.ico)
2026-03-13 05:22:35,523 [INFO] [4bb16a40] \u2190 304 NOT MODIFIED
2026-03-13 05:22:35,523 [INFO] 127.0.0.1 - - [13/Mar/2026 05:22:35] "[36mGET /static/favicon.ico HTTP/1.1[0m" 304 -
2026-03-13 05:22:53,099 [INFO] [f63b426c] \u2192 GET /loss/about ep=loss_bp.about_loss args={'subject': 'loss'} form={} user_id=None
2026-03-13 05:22:53,102 [INFO] Route hit: loss_bp.about_loss (/loss/about)
2026-03-13 05:22:53,127 [INFO] [f63b426c] \u2190 200 OK
2026-03-13 05:22:53,128 [INFO] 127.0.0.1 - - [13/Mar/2026 05:22:53] "GET /loss/about?subject=loss HTTP/1.1" 200 -
2026-03-13 05:22:53,238 [INFO] [37c4424c] \u2192 GET /static/favicon.ico ep=static args={} form={} user_id=None
2026-03-13 05:22:53,238 [INFO] Route hit: static (/static/favicon.ico)
2026-03-13 05:22:53,239 [INFO] [37c4424c] \u2190 304 NOT MODIFIED
2026-03-13 05:22:53,239 [INFO] 127.0.0.1 - - [13/Mar/2026 05:22:53] "[36mGET /static/favicon.ico HTTP/1.1[0m" 304 -
2026-03-13 05:22:55,970 [INFO] [24e5a074] \u2192 GET /register_form ep=auth_bp.show_register args={'role': 'user', 'subject': 'loss', 'next': '/loss/about'} form={} user_id=None
2026-03-13 05:22:55,973 [INFO] Route hit: auth_bp.show_register (/register_form)
2026-03-13 05:22:55,990 [INFO] [24e5a074] \u2190 200 OK
2026-03-13 05:22:55,991 [INFO] 127.0.0.1 - - [13/Mar/2026 05:22:55] "GET /register_form?role=user&subject=loss&next=/loss/about HTTP/1.1" 200 -
2026-03-13 05:22:56,068 [INFO] [2dcda840] \u2192 GET /static/favicon.ico ep=static args={} form={} user_id=None
2026-03-13 05:22:56,068 [INFO] Route hit: static (/static/favicon.ico)
2026-03-13 05:22:56,069 [INFO] [2dcda840] \u2190 304 NOT MODIFIED
2026-03-13 05:22:56,069 [INFO] 127.0.0.1 - - [13/Mar/2026 05:22:56] "[36mGET /static/favicon.ico HTTP/1.1[0m" 304 -
2026-03-13 05:23:15,043 [INFO] [11c164b1] \u2192 POST /register ep=auth_bp.register args={} form={'csrf_token': 'IjM0MTg2ZTBhYmU4YjgxOWU3ODRmYjgwMmJmZDQzNDJmZTg2MWY5M2Ii.abODDw.b_mAMb2hDekCCmuyEvbAVWu8TAs', 'full_name': 'loss2', 'email': 'loss2@gmail.com', 'password': '12345678', 'subject_slug': 'loss', 'country_code': 'None', 'price_id': 'None', 'plan': '', 'role': ''} user_id=None
2026-03-13 05:23:15,046 [INFO] Route hit: auth_bp.register (/register)
2026-03-13 05:23:15,203 [INFO] [11c164b1] \u2190 302 FOUND redirect to /checkpoint
2026-03-13 05:23:15,204 [INFO] 127.0.0.1 - - [13/Mar/2026 05:23:15] "[32mPOST /register HTTP/1.1[0m" 302 -
2026-03-13 05:23:15,210 [INFO] [919bb47d] \u2192 GET /checkpoint ep=modes_bp.modes_checkpoint_route args={} form={} user_id=None
2026-03-13 05:23:15,214 [INFO] Route hit: modes_bp.modes_checkpoint_route (/checkpoint)
2026-03-13 05:23:15,234 [INFO] [919bb47d] \u2190 302 FOUND redirect to /bridge
2026-03-13 05:23:15,235 [INFO] 127.0.0.1 - - [13/Mar/2026 05:23:15] "[32mGET /checkpoint HTTP/1.1[0m" 302 -
2026-03-13 05:23:15,241 [INFO] [ee37bf4e] \u2192 GET /bridge ep=bridge_bp.bridge args={} form={} user_id=None
2026-03-13 05:23:15,243 [INFO] Route hit: bridge_bp.bridge (/bridge)
2026-03-13 05:23:15,271 [INFO] [ee37bf4e] \u2190 200 OK
2026-03-13 05:23:15,272 [INFO] 127.0.0.1 - - [13/Mar/2026 05:23:15] "GET /bridge HTTP/1.1" 200 -
2026-03-13 05:23:15,408 [INFO] [b33a5943] \u2192 GET /static/favicon.ico ep=static args={} form={} user_id=None
2026-03-13 05:23:15,409 [INFO] Route hit: static (/static/favicon.ico)
2026-03-13 05:23:15,409 [INFO] [b33a5943] \u2190 304 NOT MODIFIED
2026-03-13 05:23:15,409 [INFO] 127.0.0.1 - - [13/Mar/2026 05:23:15] "[36mGET /static/favicon.ico HTTP/1.1[0m" 304 -
2026-03-13 05:23:20,939 [INFO] [2512c120] \u2192 GET /loss/subject/home ep=loss_bp.subject_home args={'subject_id': '3'} form={} user_id=None
2026-03-13 05:23:20,941 [INFO] Route hit: loss_bp.subject_home (/loss/subject/home)
2026-03-13 05:23:20,978 [INFO] [2512c120] \u2190 200 OK
2026-03-13 05:23:20,979 [INFO] 127.0.0.1 - - [13/Mar/2026 05:23:20] "GET /loss/subject/home?subject_id=3 HTTP/1.1" 200 -
2026-03-13 05:23:21,114 [INFO] [09223cf7] \u2192 GET /static/favicon.ico ep=static args={} form={} user_id=None
2026-03-13 05:23:21,114 [INFO] Route hit: static (/static/favicon.ico)
2026-03-13 05:23:21,115 [INFO] [09223cf7] \u2190 304 NOT MODIFIED
2026-03-13 05:23:21,115 [INFO] 127.0.0.1 - - [13/Mar/2026 05:23:21] "[36mGET /static/favicon.ico HTTP/1.1[0m" 304 -
2026-03-13 05:37:19,029 [INFO] [JINJA] searchpath: D:\Users\yeshk\Documents\ait_platform\app\../templates
2026-03-13 05:40:30,861 [INFO] [JINJA] searchpath: D:\Users\yeshk\Documents\ait_platform\app\../templates
2026-03-13 05:40:30,883 [INFO] [31m[1mWARNING: This is a development server. Do not use it in a production deployment. Use a production WSGI server instead.[0m
 * Running on http://127.0.0.1:5000
2026-03-13 05:40:30,883 [INFO] [33mPress CTRL+C to quit[0m
2026-03-13 05:40:30,885 [INFO]  * Restarting with stat
2026-03-13 05:40:34,042 [INFO] [JINJA] searchpath: D:\Users\yeshk\Documents\ait_platform\app\../templates
2026-03-13 05:40:34,058 [WARNING]  * Debugger is active!
2026-03-13 05:40:34,061 [INFO]  * Debugger PIN: 126-212-810
2026-03-13 05:41:58,139 [INFO] [JINJA] searchpath: D:\Users\yeshk\Documents\ait_platform\app\../templates
2026-03-13 05:41:58,156 [INFO] [31m[1mWARNING: This is a development server. Do not use it in a production deployment. Use a production WSGI server instead.[0m
 * Running on http://127.0.0.1:5000
2026-03-13 05:41:58,156 [INFO] [33mPress CTRL+C to quit[0m
2026-03-13 05:41:58,158 [INFO]  * Restarting with stat
2026-03-13 05:42:01,326 [INFO] [JINJA] searchpath: D:\Users\yeshk\Documents\ait_platform\app\../templates
2026-03-13 05:42:01,340 [WARNING]  * Debugger is active!
2026-03-13 05:42:01,343 [INFO]  * Debugger PIN: 126-212-810
2026-03-13 05:42:29,196 [INFO] [JINJA] searchpath: D:\Users\yeshk\Documents\ait_platform\app\../templates
2026-03-13 05:42:29,215 [INFO] [31m[1mWARNING: This is a development server. Do not use it in a production deployment. Use a production WSGI server instead.[0m
 * Running on all addresses (0.0.0.0)
 * Running on http://127.0.0.1:5000
 * Running on http://192.168.1.33:5000
2026-03-13 05:42:29,215 [INFO] [33mPress CTRL+C to quit[0m
2026-03-13 05:42:29,216 [INFO]  * Restarting with stat
2026-03-13 05:42:32,400 [INFO] [JINJA] searchpath: D:\Users\yeshk\Documents\ait_platform\app\../templates
2026-03-13 05:42:32,414 [WARNING]  * Debugger is active!
2026-03-13 05:42:32,417 [INFO]  * Debugger PIN: 126-212-810
2026-03-13 06:04:29,625 [INFO] [JINJA] searchpath: D:\Users\yeshk\Documents\ait_platform\app\../templates
2026-03-13 06:04:29,698 [INFO] [31m[1mWARNING: This is a development server. Do not use it in a production deployment. Use a production WSGI server instead.[0m
 * Running on http://127.0.0.1:5000
2026-03-13 06:04:29,698 [INFO] [33mPress CTRL+C to quit[0m
2026-03-13 06:04:29,700 [INFO]  * Restarting with stat
2026-03-13 06:04:32,825 [INFO] [JINJA] searchpath: D:\Users\yeshk\Documents\ait_platform\app\../templates
2026-03-13 06:04:32,839 [WARNING]  * Debugger is active!
2026-03-13 06:04:32,843 [INFO]  * Debugger PIN: 126-212-810
2026-03-13 06:06:22,656 [INFO] [JINJA] searchpath: D:\Users\yeshk\Documents\ait_platform\app\../templates
2026-03-13 06:06:22,712 [INFO] [31m[1mWARNING: This is a development server. Do not use it in a production deployment. Use a production WSGI server instead.[0m
 * Running on http://127.0.0.1:5000
2026-03-13 06:06:22,712 [INFO] [33mPress CTRL+C to quit[0m
2026-03-13 06:06:22,713 [INFO]  * Restarting with stat
2026-03-13 06:06:25,807 [INFO] [JINJA] searchpath: D:\Users\yeshk\Documents\ait_platform\app\../templates
2026-03-13 06:06:25,821 [WARNING]  * Debugger is active!
2026-03-13 06:06:25,824 [INFO]  * Debugger PIN: 126-212-810
2026-03-13 06:07:53,148 [INFO] [JINJA] searchpath: D:\Users\yeshk\Documents\ait_platform\app\../templates
2026-03-13 06:07:53,169 [INFO] [31m[1mWARNING: This is a development server. Do not use it in a production deployment. Use a production WSGI server instead.[0m
 * Running on http://127.0.0.1:5000
2026-03-13 06:07:53,169 [INFO] [33mPress CTRL+C to quit[0m
2026-03-13 06:07:53,170 [INFO]  * Restarting with stat
2026-03-13 06:07:56,252 [INFO] [JINJA] searchpath: D:\Users\yeshk\Documents\ait_platform\app\../templates
2026-03-13 06:07:56,265 [WARNING]  * Debugger is active!
2026-03-13 06:07:56,269 [INFO]  * Debugger PIN: 126-212-810
2026-03-13 06:08:19,691 [INFO] [JINJA] searchpath: D:\Users\yeshk\Documents\ait_platform\app\../templates
2026-03-13 06:08:19,709 [INFO] [31m[1mWARNING: This is a development server. Do not use it in a production deployment. Use a production WSGI server instead.[0m
 * Running on all addresses (0.0.0.0)
 * Running on http://127.0.0.1:5000
 * Running on http://192.168.1.33:5000
2026-03-13 06:08:19,710 [INFO] [33mPress CTRL+C to quit[0m
2026-03-13 06:08:19,711 [INFO]  * Restarting with stat
2026-03-13 06:08:22,825 [INFO] [JINJA] searchpath: D:\Users\yeshk\Documents\ait_platform\app\../templates
2026-03-13 06:08:22,839 [WARNING]  * Debugger is active!
2026-03-13 06:08:22,842 [INFO]  * Debugger PIN: 126-212-810
2026-03-13 06:10:53,648 [INFO] [JINJA] searchpath: D:\Users\yeshk\Documents\ait_platform\app\../templates
2026-03-13 06:10:53,668 [INFO] [31m[1mWARNING: This is a development server. Do not use it in a production deployment. Use a production WSGI server instead.[0m
 * Running on http://127.0.0.1:5000
2026-03-13 06:10:53,668 [INFO] [33mPress CTRL+C to quit[0m
2026-03-13 06:10:53,669 [INFO]  * Restarting with stat
2026-03-13 06:10:56,778 [INFO] [JINJA] searchpath: D:\Users\yeshk\Documents\ait_platform\app\../templates
2026-03-13 06:10:56,792 [WARNING]  * Debugger is active!
2026-03-13 06:10:56,795 [INFO]  * Debugger PIN: 126-212-810
2026-03-13 06:12:58,650 [INFO] [JINJA] searchpath: D:\Users\yeshk\Documents\ait_platform\app\../templates
2026-03-13 06:12:58,672 [INFO] [31m[1mWARNING: This is a development server. Do not use it in a production deployment. Use a production WSGI server instead.[0m
 * Running on http://127.0.0.1:5000
2026-03-13 06:12:58,672 [INFO] [33mPress CTRL+C to quit[0m
2026-03-13 06:12:58,674 [INFO]  * Restarting with stat
2026-03-13 06:13:01,957 [INFO] [JINJA] searchpath: D:\Users\yeshk\Documents\ait_platform\app\../templates
2026-03-13 06:13:01,971 [WARNING]  * Debugger is active!
2026-03-13 06:13:01,975 [INFO]  * Debugger PIN: 126-212-810
2026-03-13 06:16:46,938 [INFO] [JINJA] searchpath: D:\Users\yeshk\Documents\ait_platform\app\../templates
2026-03-13 06:16:46,959 [INFO] [31m[1mWARNING: This is a development server. Do not use it in a production deployment. Use a production WSGI server instead.[0m
 * Running on http://127.0.0.1:5000
2026-03-13 06:16:46,959 [INFO] [33mPress CTRL+C to quit[0m
2026-03-13 06:16:46,961 [INFO]  * Restarting with stat
2026-03-13 06:16:50,059 [INFO] [JINJA] searchpath: D:\Users\yeshk\Documents\ait_platform\app\../templates
2026-03-13 06:16:50,073 [WARNING]  * Debugger is active!
2026-03-13 06:16:50,076 [INFO]  * Debugger PIN: 126-212-810
2026-03-13 06:17:35,922 [INFO]  * Detected change in 'D:\\Users\\yeshk\\Documents\\ait_platform\\wsgi.py', reloading
2026-03-13 06:17:36,548 [INFO]  * Restarting with stat
2026-03-13 06:17:39,713 [INFO] [JINJA] searchpath: D:\Users\yeshk\Documents\ait_platform\app\../templates
2026-03-13 06:17:39,727 [WARNING]  * Debugger is active!
2026-03-13 06:17:39,730 [INFO]  * Debugger PIN: 126-212-810
2026-03-13 06:17:52,804 [INFO] [JINJA] searchpath: D:\Users\yeshk\Documents\ait_platform\app\../templates
2026-03-13 06:17:52,825 [INFO] [31m[1mWARNING: This is a development server. Do not use it in a production deployment. Use a production WSGI server instead.[0m
 * Running on http://127.0.0.1:5000
2026-03-13 06:17:52,825 [INFO] [33mPress CTRL+C to quit[0m
2026-03-13 06:17:52,827 [INFO]  * Restarting with stat
2026-03-13 06:17:55,961 [INFO] [JINJA] searchpath: D:\Users\yeshk\Documents\ait_platform\app\../templates
2026-03-13 06:17:55,976 [WARNING]  * Debugger is active!
2026-03-13 06:17:55,979 [INFO]  * Debugger PIN: 126-212-810
2026-03-13 06:18:47,372 [INFO] [JINJA] searchpath: D:\Users\yeshk\Documents\ait_platform\app\../templates
2026-03-13 06:18:47,395 [INFO] [31m[1mWARNING: This is a development server. Do not use it in a production deployment. Use a production WSGI server instead.[0m
 * Running on http://127.0.0.1:5000
2026-03-13 06:18:47,396 [INFO] [33mPress CTRL+C to quit[0m
2026-03-13 06:18:47,397 [INFO]  * Restarting with stat
2026-03-13 06:18:50,534 [INFO] [JINJA] searchpath: D:\Users\yeshk\Documents\ait_platform\app\../templates
2026-03-13 06:18:50,551 [WARNING]  * Debugger is active!
2026-03-13 06:18:50,554 [INFO]  * Debugger PIN: 126-212-810
2026-03-13 06:18:58,227 [INFO] [JINJA] searchpath: D:\Users\yeshk\Documents\ait_platform\app\../templates
2026-03-13 06:18:58,248 [INFO] [31m[1mWARNING: This is a development server. Do not use it in a production deployment. Use a production WSGI server instead.[0m
 * Running on http://127.0.0.1:5000
2026-03-13 06:18:58,248 [INFO] [33mPress CTRL+C to quit[0m
2026-03-13 06:18:58,249 [INFO]  * Restarting with stat
2026-03-13 06:19:01,409 [INFO] [JINJA] searchpath: D:\Users\yeshk\Documents\ait_platform\app\../templates
2026-03-13 06:19:01,426 [WARNING]  * Debugger is active!
2026-03-13 06:19:01,429 [INFO]  * Debugger PIN: 126-212-810
2026-03-13 06:19:19,963 [INFO] [JINJA] searchpath: D:\Users\yeshk\Documents\ait_platform\app\../templates
2026-03-13 06:19:19,984 [INFO] [31m[1mWARNING: This is a development server. Do not use it in a production deployment. Use a production WSGI server instead.[0m
 * Running on http://127.0.0.1:5000
2026-03-13 06:19:19,984 [INFO] [33mPress CTRL+C to quit[0m
2026-03-13 06:19:19,985 [INFO]  * Restarting with stat
2026-03-13 06:19:23,122 [INFO] [JINJA] searchpath: D:\Users\yeshk\Documents\ait_platform\app\../templates
2026-03-13 06:19:23,136 [WARNING]  * Debugger is active!
2026-03-13 06:19:23,139 [INFO]  * Debugger PIN: 126-212-810
2026-03-13 06:21:12,055 [INFO]  * Detected change in 'D:\\Users\\yeshk\\Documents\\ait_platform\\app\\admin_general\\routes.py', reloading
2026-03-13 06:21:12,503 [INFO]  * Detected change in 'D:\\Users\\yeshk\\Documents\\ait_platform\\app\\admin_general\\routes.py', reloading
2026-03-13 06:21:12,759 [INFO]  * Restarting with stat
2026-03-13 06:21:12,900 [INFO]  * Detected change in 'D:\\Users\\yeshk\\Documents\\ait_platform\\app\\admin_general\\routes.py', reloading
2026-03-13 06:21:13,254 [INFO]  * Restarting with stat
2026-03-13 06:21:13,681 [INFO]  * Restarting with stat
2026-03-13 06:21:16,378 [INFO] [JINJA] searchpath: D:\Users\yeshk\Documents\ait_platform\app\../templates
2026-03-13 06:21:16,398 [WARNING]  * Debugger is active!
2026-03-13 06:21:16,404 [INFO]  * Debugger PIN: 126-212-810
2026-03-13 06:21:17,009 [INFO] [JINJA] searchpath: D:\Users\yeshk\Documents\ait_platform\app\../templates
2026-03-13 06:21:17,029 [WARNING]  * Debugger is active!
2026-03-13 06:21:17,034 [INFO]  * Debugger PIN: 126-212-810
2026-03-13 06:21:17,446 [INFO] [JINJA] searchpath: D:\Users\yeshk\Documents\ait_platform\app\../templates
2026-03-13 06:21:17,467 [WARNING]  * Debugger is active!
2026-03-13 06:21:17,471 [INFO]  * Debugger PIN: 126-212-810
2026-03-13 06:22:27,426 [INFO] [JINJA] searchpath: D:\Users\yeshk\Documents\ait_platform\app\../templates
2026-03-13 06:22:27,447 [INFO] [31m[1mWARNING: This is a development server. Do not use it in a production deployment. Use a production WSGI server instead.[0m
 * Running on http://127.0.0.1:5000
2026-03-13 06:22:27,447 [INFO] [33mPress CTRL+C to quit[0m
2026-03-13 06:22:27,448 [INFO]  * Restarting with stat
2026-03-13 06:22:30,547 [INFO] [JINJA] searchpath: D:\Users\yeshk\Documents\ait_platform\app\../templates
2026-03-13 06:22:30,563 [WARNING]  * Debugger is active!
2026-03-13 06:22:30,566 [INFO]  * Debugger PIN: 126-212-810
2026-03-13 06:23:02,510 [INFO] [JINJA] searchpath: D:\Users\yeshk\Documents\ait_platform\app\../templates
2026-03-13 06:23:02,529 [INFO] [31m[1mWARNING: This is a development server. Do not use it in a production deployment. Use a production WSGI server instead.[0m
 * Running on http://127.0.0.1:5000
2026-03-13 06:23:02,529 [INFO] [33mPress CTRL+C to quit[0m
2026-03-13 06:23:02,530 [INFO]  * Restarting with stat
2026-03-13 06:23:05,693 [INFO] [JINJA] searchpath: D:\Users\yeshk\Documents\ait_platform\app\../templates
2026-03-13 06:23:05,708 [WARNING]  * Debugger is active!
2026-03-13 06:23:05,711 [INFO]  * Debugger PIN: 126-212-810
2026-03-13 06:24:45,372 [INFO] [JINJA] searchpath: D:\Users\yeshk\Documents\ait_platform\app\../templates
2026-03-13 06:24:45,393 [INFO] [31m[1mWARNING: This is a development server. Do not use it in a production deployment. Use a production WSGI server instead.[0m
 * Running on http://127.0.0.1:5000
2026-03-13 06:24:45,393 [INFO] [33mPress CTRL+C to quit[0m
2026-03-13 06:24:45,394 [INFO]  * Restarting with stat
2026-03-13 06:24:48,487 [INFO] [JINJA] searchpath: D:\Users\yeshk\Documents\ait_platform\app\../templates
2026-03-13 06:24:48,504 [WARNING]  * Debugger is active!
2026-03-13 06:24:48,508 [INFO]  * Debugger PIN: 126-212-810
2026-03-13 06:26:12,470 [INFO]  * Detected change in 'D:\\Users\\yeshk\\Documents\\ait_platform\\wsgi.py', reloading
2026-03-13 06:26:12,599 [INFO]  * Detected change in 'D:\\Users\\yeshk\\Documents\\ait_platform\\wsgi.py', reloading
2026-03-13 06:26:12,614 [INFO]  * Detected change in 'D:\\Users\\yeshk\\Documents\\ait_platform\\wsgi.py', reloading
2026-03-13 06:26:13,226 [INFO]  * Restarting with stat
2026-03-13 06:26:13,371 [INFO]  * Restarting with stat
2026-03-13 06:26:13,396 [INFO]  * Restarting with stat
2026-03-13 06:26:16,770 [INFO] [JINJA] searchpath: D:\Users\yeshk\Documents\ait_platform\app\../templates
2026-03-13 06:26:16,788 [WARNING]  * Debugger is active!
2026-03-13 06:26:16,792 [INFO]  * Debugger PIN: 126-212-810
2026-03-13 06:26:16,893 [INFO] [JINJA] searchpath: D:\Users\yeshk\Documents\ait_platform\app\../templates
2026-03-13 06:26:16,912 [WARNING]  * Debugger is active!
2026-03-13 06:26:16,916 [INFO]  * Debugger PIN: 126-212-810
2026-03-13 06:26:16,926 [INFO] [JINJA] searchpath: D:\Users\yeshk\Documents\ait_platform\app\../templates
2026-03-13 06:26:16,945 [WARNING]  * Debugger is active!
2026-03-13 06:26:16,950 [INFO]  * Debugger PIN: 126-212-810
2026-03-13 06:26:27,134 [INFO]  * Detected change in 'D:\\Users\\yeshk\\Documents\\ait_platform\\wsgi.py', reloading
2026-03-13 06:26:27,262 [INFO]  * Detected change in 'D:\\Users\\yeshk\\Documents\\ait_platform\\wsgi.py', reloading
2026-03-13 06:26:27,365 [INFO]  * Detected change in 'D:\\Users\\yeshk\\Documents\\ait_platform\\wsgi.py', reloading
2026-03-13 06:26:27,913 [INFO]  * Restarting with stat
2026-03-13 06:26:28,058 [INFO]  * Restarting with stat
2026-03-13 06:26:28,169 [INFO]  * Restarting with stat
2026-03-13 06:26:31,570 [INFO] [JINJA] searchpath: D:\Users\yeshk\Documents\ait_platform\app\../templates
2026-03-13 06:26:31,592 [WARNING]  * Debugger is active!
2026-03-13 06:26:31,596 [INFO]  * Debugger PIN: 126-212-810
2026-03-13 06:26:31,769 [INFO] [JINJA] searchpath: D:\Users\yeshk\Documents\ait_platform\app\../templates
2026-03-13 06:26:31,790 [WARNING]  * Debugger is active!
2026-03-13 06:26:31,795 [INFO]  * Debugger PIN: 126-212-810
2026-03-13 06:26:31,905 [INFO] [JINJA] searchpath: D:\Users\yeshk\Documents\ait_platform\app\../templates
2026-03-13 06:26:31,925 [WARNING]  * Debugger is active!
2026-03-13 06:26:31,929 [INFO]  * Debugger PIN: 126-212-810
2026-03-13 06:26:36,061 [INFO] [JINJA] searchpath: D:\Users\yeshk\Documents\ait_platform\app\../templates
2026-03-13 06:26:44,742 [INFO] [JINJA] searchpath: D:\Users\yeshk\Documents\ait_platform\app\../templates
2026-03-13 06:26:44,900 [INFO] [JINJA] searchpath: D:\Users\yeshk\Documents\ait_platform\app\../templates
2026-03-13 06:26:44,919 [INFO] [31m[1mWARNING: This is a development server. Do not use it in a production deployment. Use a production WSGI server instead.[0m
 * Running on http://127.0.0.1:5000
2026-03-13 06:26:44,919 [INFO] [33mPress CTRL+C to quit[0m
2026-03-13 06:26:44,920 [INFO]  * Restarting with stat
2026-03-13 06:26:48,152 [INFO] [JINJA] searchpath: D:\Users\yeshk\Documents\ait_platform\app\../templates
2026-03-13 06:26:48,312 [INFO] [JINJA] searchpath: D:\Users\yeshk\Documents\ait_platform\app\../templates
2026-03-13 06:26:48,328 [WARNING]  * Debugger is active!
2026-03-13 06:26:48,333 [INFO]  * Debugger PIN: 126-212-810
2026-03-13 06:27:03,978 [INFO] [JINJA] searchpath: D:\Users\yeshk\Documents\ait_platform\app\../templates
2026-03-13 06:27:03,999 [INFO] [31m[1mWARNING: This is a development server. Do not use it in a production deployment. Use a production WSGI server instead.[0m
 * Running on http://127.0.0.1:5000
2026-03-13 06:27:03,999 [INFO] [33mPress CTRL+C to quit[0m
2026-03-13 06:27:04,001 [INFO]  * Restarting with stat
2026-03-13 06:27:07,106 [INFO] [JINJA] searchpath: D:\Users\yeshk\Documents\ait_platform\app\../templates
2026-03-13 06:27:07,122 [WARNING]  * Debugger is active!
2026-03-13 06:27:07,125 [INFO]  * Debugger PIN: 126-212-810
2026-03-13 06:29:34,140 [INFO]  * Detected change in 'D:\\Users\\yeshk\\Documents\\ait_platform\\wsgi.py', reloading
2026-03-13 06:29:34,159 [INFO]  * Detected change in 'D:\\Users\\yeshk\\Documents\\ait_platform\\wsgi.py', reloading
2026-03-13 06:29:34,181 [INFO]  * Detected change in 'D:\\Users\\yeshk\\Documents\\ait_platform\\wsgi.py', reloading
2026-03-13 06:29:34,898 [INFO]  * Restarting with stat
2026-03-13 06:29:34,921 [INFO]  * Restarting with stat
2026-03-13 06:29:34,954 [INFO]  * Restarting with stat
2026-03-13 06:29:38,469 [INFO] [JINJA] searchpath: D:\Users\yeshk\Documents\ait_platform\app\../templates
2026-03-13 06:29:38,479 [INFO] [JINJA] searchpath: D:\Users\yeshk\Documents\ait_platform\app\../templates
2026-03-13 06:29:38,490 [WARNING]  * Debugger is active!
2026-03-13 06:29:38,493 [INFO]  * Debugger PIN: 126-212-810
2026-03-13 06:29:38,499 [WARNING]  * Debugger is active!
2026-03-13 06:29:38,503 [INFO]  * Debugger PIN: 126-212-810
2026-03-13 06:29:38,667 [INFO] [JINJA] searchpath: D:\Users\yeshk\Documents\ait_platform\app\../templates
2026-03-13 06:29:38,687 [WARNING]  * Debugger is active!
2026-03-13 06:29:38,692 [INFO]  * Debugger PIN: 126-212-810
2026-03-13 06:29:41,442 [INFO] [JINJA] searchpath: D:\Users\yeshk\Documents\ait_platform\app\../templates
2026-03-13 06:29:54,713 [INFO] [JINJA] searchpath: D:\Users\yeshk\Documents\ait_platform\app\../templates
2026-03-13 06:29:54,733 [INFO] [31m[1mWARNING: This is a development server. Do not use it in a production deployment. Use a production WSGI server instead.[0m
 * Running on http://127.0.0.1:5000
2026-03-13 06:29:54,733 [INFO] [33mPress CTRL+C to quit[0m
2026-03-13 06:29:54,735 [INFO]  * Restarting with stat
2026-03-13 06:29:57,897 [INFO] [JINJA] searchpath: D:\Users\yeshk\Documents\ait_platform\app\../templates
2026-03-13 06:29:57,911 [WARNING]  * Debugger is active!
2026-03-13 06:29:57,914 [INFO]  * Debugger PIN: 126-212-810
2026-03-13 06:32:55,081 [INFO]  * Detected change in 'D:\\Users\\yeshk\\Documents\\ait_platform\\wsgi.py', reloading
2026-03-13 06:32:55,093 [INFO]  * Detected change in 'D:\\Users\\yeshk\\Documents\\ait_platform\\wsgi.py', reloading
2026-03-13 06:32:55,807 [INFO]  * Restarting with stat
2026-03-13 06:32:55,817 [INFO]  * Restarting with stat
2026-03-13 06:32:56,050 [INFO]  * Detected change in 'D:\\Users\\yeshk\\Documents\\ait_platform\\wsgi.py', reloading
2026-03-13 06:32:56,804 [INFO]  * Restarting with stat
2026-03-13 06:32:59,361 [INFO] [JINJA] searchpath: D:\Users\yeshk\Documents\ait_platform\app\../templates
2026-03-13 06:32:59,380 [WARNING]  * Debugger is active!
2026-03-13 06:32:59,385 [INFO]  * Debugger PIN: 126-212-810
2026-03-13 06:33:00,446 [INFO] [JINJA] searchpath: D:\Users\yeshk\Documents\ait_platform\app\../templates
2026-03-13 06:33:00,462 [WARNING]  * Debugger is active!
2026-03-13 06:33:00,467 [INFO]  * Debugger PIN: 126-212-810
2026-03-13 06:33:15,208 [INFO] [JINJA] searchpath: D:\Users\yeshk\Documents\ait_platform\app\../templates
2026-03-13 06:33:15,229 [INFO] [31m[1mWARNING: This is a development server. Do not use it in a production deployment. Use a production WSGI server instead.[0m
 * Running on http://127.0.0.1:5000
2026-03-13 06:33:15,229 [INFO] [33mPress CTRL+C to quit[0m
2026-03-13 06:33:15,231 [INFO]  * Restarting with stat
2026-03-13 06:33:18,390 [INFO] [JINJA] searchpath: D:\Users\yeshk\Documents\ait_platform\app\../templates
2026-03-13 06:33:18,404 [WARNING]  * Debugger is active!
2026-03-13 06:33:18,408 [INFO]  * Debugger PIN: 126-212-810
2026-03-13 06:34:55,421 [INFO]  * Detected change in 'D:\\Users\\yeshk\\Documents\\ait_platform\\wsgi.py', reloading
2026-03-13 06:34:55,472 [INFO]  * Detected change in 'D:\\Users\\yeshk\\Documents\\ait_platform\\wsgi.py', reloading
2026-03-13 06:34:55,473 [INFO]  * Detected change in 'D:\\Users\\yeshk\\Documents\\ait_platform\\wsgi.py', reloading
2026-03-13 06:34:56,201 [INFO]  * Restarting with stat
2026-03-13 06:34:56,251 [INFO]  * Restarting with stat
2026-03-13 06:34:56,264 [INFO]  * Restarting with stat
2026-03-13 06:34:59,812 [INFO] [JINJA] searchpath: D:\Users\yeshk\Documents\ait_platform\app\../templates
2026-03-13 06:34:59,816 [INFO] [JINJA] searchpath: D:\Users\yeshk\Documents\ait_platform\app\../templates
2026-03-13 06:34:59,832 [WARNING]  * Debugger is active!
2026-03-13 06:34:59,836 [WARNING]  * Debugger is active!
2026-03-13 06:34:59,837 [INFO]  * Debugger PIN: 126-212-810
2026-03-13 06:34:59,841 [INFO]  * Debugger PIN: 126-212-810
2026-03-13 06:35:10,634 [INFO] [JINJA] searchpath: D:\Users\yeshk\Documents\ait_platform\app\../templates
2026-03-13 06:35:10,657 [INFO] [31m[1mWARNING: This is a development server. Do not use it in a production deployment. Use a production WSGI server instead.[0m
 * Running on http://127.0.0.1:5000
2026-03-13 06:35:10,657 [INFO] [33mPress CTRL+C to quit[0m
2026-03-13 06:35:10,659 [INFO]  * Restarting with stat
2026-03-13 06:35:13,774 [INFO] [JINJA] searchpath: D:\Users\yeshk\Documents\ait_platform\app\../templates
2026-03-13 06:35:13,788 [WARNING]  * Debugger is active!
2026-03-13 06:35:13,792 [INFO]  * Debugger PIN: 126-212-810
2026-03-13 06:37:42,093 [INFO]  * Detected change in 'D:\\Users\\yeshk\\Documents\\ait_platform\\wsgi.py', reloading
2026-03-13 06:37:42,720 [INFO]  * Restarting with stat
2026-03-13 06:37:45,909 [INFO] [JINJA] searchpath: D:\Users\yeshk\Documents\ait_platform\app\../templates
2026-03-13 06:37:46,064 [INFO] [JINJA] searchpath: D:\Users\yeshk\Documents\ait_platform\app\../templates
2026-03-13 06:37:46,078 [WARNING]  * Debugger is active!
2026-03-13 06:37:46,083 [INFO]  * Debugger PIN: 126-212-810
2026-03-13 06:38:08,775 [INFO]  * Detected change in 'D:\\Users\\yeshk\\Documents\\ait_platform\\wsgi.py', reloading
2026-03-13 06:38:09,465 [INFO]  * Restarting with stat
2026-03-13 06:38:20,815 [INFO] [JINJA] searchpath: D:\Users\yeshk\Documents\ait_platform\app\../templates
2026-03-13 06:38:20,837 [INFO] [31m[1mWARNING: This is a development server. Do not use it in a production deployment. Use a production WSGI server instead.[0m
 * Running on http://127.0.0.1:5000
2026-03-13 06:38:20,837 [INFO] [33mPress CTRL+C to quit[0m
2026-03-13 06:38:20,838 [INFO]  * Restarting with stat
2026-03-13 06:38:23,942 [INFO] [JINJA] searchpath: D:\Users\yeshk\Documents\ait_platform\app\../templates
2026-03-13 06:38:23,957 [WARNING]  * Debugger is active!
2026-03-13 06:38:23,960 [INFO]  * Debugger PIN: 126-212-810
2026-03-13 06:39:36,501 [INFO]  * Detected change in 'D:\\Users\\yeshk\\Documents\\ait_platform\\wsgi.py', reloading
2026-03-13 06:39:37,127 [INFO]  * Restarting with stat
2026-03-13 06:39:40,445 [INFO] [JINJA] searchpath: D:\Users\yeshk\Documents\ait_platform\app\../templates
2026-03-13 06:39:40,459 [WARNING]  * Debugger is active!
2026-03-13 06:39:40,463 [INFO]  * Debugger PIN: 126-212-810
2026-03-13 06:39:50,131 [INFO] [JINJA] searchpath: D:\Users\yeshk\Documents\ait_platform\app\../templates
2026-03-13 06:39:50,152 [INFO] [31m[1mWARNING: This is a development server. Do not use it in a production deployment. Use a production WSGI server instead.[0m
 * Running on http://127.0.0.1:5000
2026-03-13 06:39:50,153 [INFO] [33mPress CTRL+C to quit[0m
2026-03-13 06:39:50,154 [INFO]  * Restarting with stat
2026-03-13 06:39:53,305 [INFO] [JINJA] searchpath: D:\Users\yeshk\Documents\ait_platform\app\../templates
2026-03-13 06:39:53,318 [WARNING]  * Debugger is active!
2026-03-13 06:39:53,322 [INFO]  * Debugger PIN: 126-212-810
2026-03-13 07:02:01,735 [INFO]  * Detected change in 'D:\\Users\\yeshk\\Documents\\ait_platform\\wsgi.py', reloading
2026-03-13 07:02:02,387 [INFO]  * Restarting with stat
2026-03-13 07:02:05,626 [INFO] [JINJA] searchpath: D:\Users\yeshk\Documents\ait_platform\app\../templates
2026-03-13 07:02:05,643 [WARNING]  * Debugger is active!
2026-03-13 07:02:05,647 [INFO]  * Debugger PIN: 126-212-810
2026-03-13 07:02:28,786 [INFO] [JINJA] searchpath: D:\Users\yeshk\Documents\ait_platform\app\../templates
2026-03-13 07:02:28,804 [INFO] [31m[1mWARNING: This is a development server. Do not use it in a production deployment. Use a production WSGI server instead.[0m
 * Running on http://127.0.0.1:5000
2026-03-13 07:02:28,804 [INFO] [33mPress CTRL+C to quit[0m
2026-03-13 07:02:28,806 [INFO]  * Restarting with stat
2026-03-13 07:02:31,951 [INFO] [JINJA] searchpath: D:\Users\yeshk\Documents\ait_platform\app\../templates
2026-03-13 07:02:31,965 [WARNING]  * Debugger is active!
2026-03-13 07:02:31,968 [INFO]  * Debugger PIN: 126-212-810
2026-03-13 07:02:55,922 [INFO] [JINJA] searchpath: D:\Users\yeshk\Documents\ait_platform\app\../templates
2026-03-13 07:04:15,543 [INFO] [JINJA] searchpath: D:\Users\yeshk\Documents\ait_platform\app\../templates
2026-03-13 07:04:15,564 [INFO] [31m[1mWARNING: This is a development server. Do not use it in a production deployment. Use a production WSGI server instead.[0m
 * Running on http://127.0.0.1:5000
2026-03-13 07:04:15,564 [INFO] [33mPress CTRL+C to quit[0m
2026-03-13 07:05:46,607 [INFO] [JINJA] searchpath: D:\Users\yeshk\Documents\ait_platform\app\../templates
2026-03-13 07:05:46,626 [INFO] [31m[1mWARNING: This is a development server. Do not use it in a production deployment. Use a production WSGI server instead.[0m
 * Running on http://127.0.0.1:5000
2026-03-13 07:05:46,626 [INFO] [33mPress CTRL+C to quit[0m
2026-03-13 07:05:46,627 [INFO]  * Restarting with stat
2026-03-13 07:05:49,973 [INFO] [JINJA] searchpath: D:\Users\yeshk\Documents\ait_platform\app\../templates
2026-03-13 07:05:49,989 [WARNING]  * Debugger is active!
2026-03-13 07:05:49,993 [INFO]  * Debugger PIN: 126-212-810
2026-03-13 07:10:53,911 [INFO] [JINJA] searchpath: D:\Users\yeshk\Documents\ait_platform\app\../templates
2026-03-13 07:10:53,932 [INFO] [31m[1mWARNING: This is a development server. Do not use it in a production deployment. Use a production WSGI server instead.[0m
 * Running on http://127.0.0.1:5000
2026-03-13 07:10:53,932 [INFO] [33mPress CTRL+C to quit[0m
2026-03-13 07:10:53,934 [INFO]  * Restarting with stat
2026-03-13 07:10:57,157 [INFO] [JINJA] searchpath: D:\Users\yeshk\Documents\ait_platform\app\../templates
2026-03-13 07:10:57,171 [WARNING]  * Debugger is active!
2026-03-13 07:10:57,176 [INFO]  * Debugger PIN: 126-212-810
2026-03-13 07:14:46,376 [INFO] [JINJA] searchpath: D:\Users\yeshk\Documents\ait_platform\app\../templates
2026-03-13 07:14:46,394 [INFO] [31m[1mWARNING: This is a development server. Do not use it in a production deployment. Use a production WSGI server instead.[0m
 * Running on http://127.0.0.1:5000
2026-03-13 07:14:46,394 [INFO] [33mPress CTRL+C to quit[0m
2026-03-13 07:14:46,396 [INFO]  * Restarting with stat
2026-03-13 07:15:02,267 [INFO] [JINJA] searchpath: D:\Users\yeshk\Documents\ait_platform\app\../templates
2026-03-13 07:15:28,629 [INFO] [JINJA] searchpath: D:\Users\yeshk\Documents\ait_platform\app\../templates
2026-03-13 07:15:28,649 [INFO] [31m[1mWARNING: This is a development server. Do not use it in a production deployment. Use a production WSGI server instead.[0m
 * Running on http://127.0.0.1:5000
2026-03-13 07:15:28,649 [INFO] [33mPress CTRL+C to quit[0m
2026-03-13 07:15:28,650 [INFO]  * Restarting with stat
2026-03-13 07:15:31,764 [INFO] [JINJA] searchpath: D:\Users\yeshk\Documents\ait_platform\app\../templates
2026-03-13 07:15:31,779 [WARNING]  * Debugger is active!
2026-03-13 07:15:31,782 [INFO]  * Debugger PIN: 126-212-810
2026-03-13 19:26:03,963 [INFO] [JINJA] searchpath: D:\Users\yeshk\Documents\ait_platform\app\../templates
2026-03-13 19:28:57,700 [INFO] [JINJA] searchpath: D:\Users\yeshk\Documents\ait_platform\app\../templates
2026-03-13 19:28:57,719 [INFO] [31m[1mWARNING: This is a development server. Do not use it in a production deployment. Use a production WSGI server instead.[0m
 * Running on http://127.0.0.1:5000
2026-03-13 19:28:57,719 [INFO] [33mPress CTRL+C to quit[0m
2026-03-13 19:28:57,721 [INFO]  * Restarting with stat
2026-03-13 19:29:00,902 [INFO] [JINJA] searchpath: D:\Users\yeshk\Documents\ait_platform\app\../templates
2026-03-13 19:29:00,917 [WARNING]  * Debugger is active!
2026-03-13 19:29:00,921 [INFO]  * Debugger PIN: 126-212-810
2026-03-13 19:32:19,934 [INFO] [2f9ea493] \u2192 GET /admin/loss/tables/view ep=admin_bp.tables_view args={} form={} user_id=None
2026-03-13 19:32:19,954 [INFO] Route hit: admin_bp.tables_view (/admin/loss/tables/view)
2026-03-13 19:32:19,954 [INFO] [2f9ea493] \u2190 302 FOUND redirect to /
2026-03-13 19:32:19,954 [INFO] 127.0.0.1 - - [13/Mar/2026 19:32:19] "[32mGET /admin/loss/tables/view HTTP/1.1[0m" 302 -
2026-03-13 19:32:19,958 [INFO] [00b4185e] \u2192 GET / ep=public_bp.welcome args={} form={} user_id=None
2026-03-13 19:32:19,963 [INFO] Route hit: public_bp.welcome (/)
2026-03-13 19:32:20,022 [INFO] [00b4185e] \u2190 200 OK
2026-03-13 19:32:20,023 [INFO] 127.0.0.1 - - [13/Mar/2026 19:32:20] "GET / HTTP/1.1" 200 -
2026-03-13 19:32:20,245 [INFO] [885c6b42] \u2192 GET /static/favicon.ico ep=static args={} form={} user_id=None
2026-03-13 19:32:20,245 [INFO] Route hit: static (/static/favicon.ico)
2026-03-13 19:32:20,281 [INFO] [885c6b42] \u2190 304 NOT MODIFIED
2026-03-13 19:32:20,282 [INFO] 127.0.0.1 - - [13/Mar/2026 19:32:20] "[36mGET /static/favicon.ico HTTP/1.1[0m" 304 -
2026-03-13 19:33:37,657 [INFO] [JINJA] searchpath: D:\Users\yeshk\Documents\ait_platform\app\../templates
2026-03-13 19:33:37,676 [INFO] [31m[1mWARNING: This is a development server. Do not use it in a production deployment. Use a production WSGI server instead.[0m
 * Running on http://127.0.0.1:5000
2026-03-13 19:33:37,676 [INFO] [33mPress CTRL+C to quit[0m
2026-03-13 19:33:37,678 [INFO]  * Restarting with stat
2026-03-13 19:33:40,901 [INFO] [JINJA] searchpath: D:\Users\yeshk\Documents\ait_platform\app\../templates
2026-03-13 19:33:40,915 [WARNING]  * Debugger is active!
2026-03-13 19:33:40,919 [INFO]  * Debugger PIN: 126-212-810
2026-03-13 19:34:16,092 [INFO] [JINJA] searchpath: D:\Users\yeshk\Documents\ait_platform\app\../templates
2026-03-13 19:34:16,111 [INFO] [31m[1mWARNING: This is a development server. Do not use it in a production deployment. Use a production WSGI server instead.[0m
 * Running on http://127.0.0.1:5000
2026-03-13 19:34:16,111 [INFO] [33mPress CTRL+C to quit[0m
2026-03-13 19:34:16,112 [INFO]  * Restarting with stat
2026-03-13 19:34:19,269 [INFO] [JINJA] searchpath: D:\Users\yeshk\Documents\ait_platform\app\../templates
2026-03-13 19:34:19,283 [WARNING]  * Debugger is active!
2026-03-13 19:34:19,286 [INFO]  * Debugger PIN: 126-212-810
2026-03-13 19:36:09,894 [INFO] [906e8473] \u2192 GET / ep=public_bp.welcome args={} form={} user_id=None
2026-03-13 19:36:09,896 [INFO] Route hit: public_bp.welcome (/)
2026-03-13 19:36:09,897 [INFO] [906e8473] \u2190 200 OK
2026-03-13 19:36:09,898 [INFO] 127.0.0.1 - - [13/Mar/2026 19:36:09] "GET / HTTP/1.1" 200 -
2026-03-13 19:37:09,045 [INFO] [c6e765aa] \u2192 GET /admin/loss/tables/view ep=admin_bp.tables_view args={} form={} user_id=None
2026-03-13 19:37:09,046 [INFO] Route hit: admin_bp.tables_view (/admin/loss/tables/view)
2026-03-13 19:37:09,046 [INFO] [c6e765aa] \u2190 302 FOUND redirect to /
2026-03-13 19:37:09,047 [INFO] 127.0.0.1 - - [13/Mar/2026 19:37:09] "[32mGET /admin/loss/tables/view HTTP/1.1[0m" 302 -
2026-03-13 19:37:09,051 [INFO] [0a143ef2] \u2192 GET / ep=public_bp.welcome args={} form={} user_id=None
2026-03-13 19:37:09,052 [INFO] Route hit: public_bp.welcome (/)
2026-03-13 19:37:09,053 [INFO] [0a143ef2] \u2190 200 OK
2026-03-13 19:37:09,053 [INFO] 127.0.0.1 - - [13/Mar/2026 19:37:09] "GET / HTTP/1.1" 200 -
2026-03-13 19:38:50,142 [INFO] [5dc9a712] \u2192 GET /login ep=auth_bp.login_form args={} form={} user_id=None
2026-03-13 19:38:50,144 [INFO] Route hit: auth_bp.login_form (/login)
2026-03-13 19:38:50,193 [INFO] [5dc9a712] \u2190 200 OK
2026-03-13 19:38:50,193 [INFO] 127.0.0.1 - - [13/Mar/2026 19:38:50] "GET /login HTTP/1.1" 200 -
2026-03-13 19:38:50,383 [INFO] [0bfd0edd] \u2192 GET /favicon.ico ep=None args={} form={} user_id=None
2026-03-13 19:38:50,385 [INFO] Route hit: None (/favicon.ico)
2026-03-13 19:38:50,386 [INFO] [0bfd0edd] \u2190 404 NOT FOUND
2026-03-13 19:38:50,386 [INFO] 127.0.0.1 - - [13/Mar/2026 19:38:50] "[33mGET /favicon.ico HTTP/1.1[0m" 404 -
2026-03-13 19:39:02,489 [INFO] [c43974c6] \u2192 POST /login ep=auth_bp.login args={} form={'csrf_token': 'IjQ2YzExY2UyMTk3YzQyMzM0YTdiZDhlZDIyNjE2NjliYmI5NjM5NTci.abRLqg.k2G0d25qKkHYqekDhXsKTlwii5s', 'next': '', 'subject': '', 'email': 'san@gmail.com', 'password': '12345678', 'submit': 'Sign in'} user_id=None
2026-03-13 19:39:02,490 [INFO] Route hit: auth_bp.login (/login)
2026-03-13 19:39:02,635 [INFO] [c43974c6] \u2190 302 FOUND redirect to /bridge
2026-03-13 19:39:02,636 [INFO] 127.0.0.1 - - [13/Mar/2026 19:39:02] "[32mPOST /login HTTP/1.1[0m" 302 -
2026-03-13 19:39:02,643 [INFO] [fd544965] \u2192 GET /bridge ep=bridge_bp.bridge args={} form={} user_id=None
2026-03-13 19:39:02,647 [INFO] Route hit: bridge_bp.bridge (/bridge)
2026-03-13 19:39:02,671 [INFO] [fd544965] \u2190 200 OK
2026-03-13 19:39:02,671 [INFO] 127.0.0.1 - - [13/Mar/2026 19:39:02] "GET /bridge HTTP/1.1" 200 -
2026-03-13 19:39:02,759 [INFO] [33b294e0] \u2192 GET /static/favicon.ico ep=static args={} form={} user_id=None
2026-03-13 19:39:02,759 [INFO] Route hit: static (/static/favicon.ico)
2026-03-13 19:39:02,760 [INFO] [33b294e0] \u2190 304 NOT MODIFIED
2026-03-13 19:39:02,760 [INFO] 127.0.0.1 - - [13/Mar/2026 19:39:02] "[36mGET /static/favicon.ico HTTP/1.1[0m" 304 -
2026-03-13 19:39:06,791 [INFO] [7e1a7da7] \u2192 GET /admin/general/ ep=general_bp.index args={} form={} user_id=None
2026-03-13 19:39:06,794 [INFO] Route hit: general_bp.index (/admin/general/)
2026-03-13 19:39:06,832 [INFO] [7e1a7da7] \u2190 200 OK
2026-03-13 19:39:06,832 [INFO] 127.0.0.1 - - [13/Mar/2026 19:39:06] "GET /admin/general/ HTTP/1.1" 200 -
2026-03-13 19:39:06,983 [INFO] [c44c526b] \u2192 GET /static/favicon.ico ep=static args={} form={} user_id=None
2026-03-13 19:39:06,983 [INFO] Route hit: static (/static/favicon.ico)
2026-03-13 19:39:06,983 [INFO] [c44c526b] \u2190 304 NOT MODIFIED
2026-03-13 19:39:06,984 [INFO] 127.0.0.1 - - [13/Mar/2026 19:39:06] "[36mGET /static/favicon.ico HTTP/1.1[0m" 304 -
2026-03-13 19:39:08,976 [INFO] [63014628] \u2192 GET /admin/general/cleanup ep=general_bp.cleanup args={} form={} user_id=None
2026-03-13 19:39:08,978 [INFO] Route hit: general_bp.cleanup (/admin/general/cleanup)
2026-03-13 19:39:09,107 [INFO] [63014628] \u2190 200 OK
2026-03-13 19:39:09,107 [INFO] 127.0.0.1 - - [13/Mar/2026 19:39:09] "GET /admin/general/cleanup HTTP/1.1" 200 -
2026-03-13 19:39:09,248 [INFO] [b8e306ba] \u2192 GET /static/favicon.ico ep=static args={} form={} user_id=None
2026-03-13 19:39:09,248 [INFO] Route hit: static (/static/favicon.ico)
2026-03-13 19:39:09,249 [INFO] [b8e306ba] \u2190 304 NOT MODIFIED
2026-03-13 19:39:09,249 [INFO] 127.0.0.1 - - [13/Mar/2026 19:39:09] "[36mGET /static/favicon.ico HTTP/1.1[0m" 304 -
2026-03-13 19:46:40,587 [INFO] [JINJA] searchpath: D:\Users\yeshk\Documents\ait_platform\app\../templates
2026-03-13 19:46:40,645 [INFO] [31m[1mWARNING: This is a development server. Do not use it in a production deployment. Use a production WSGI server instead.[0m
 * Running on http://127.0.0.1:5000
2026-03-13 19:46:40,645 [INFO] [33mPress CTRL+C to quit[0m
2026-03-13 19:46:40,646 [INFO]  * Restarting with stat
2026-03-13 19:46:43,790 [INFO] [JINJA] searchpath: D:\Users\yeshk\Documents\ait_platform\app\../templates
2026-03-13 19:46:43,804 [WARNING]  * Debugger is active!
2026-03-13 19:46:43,808 [INFO]  * Debugger PIN: 126-212-810
2026-03-13 19:52:12,539 [INFO]  * Detected change in 'D:\\Users\\yeshk\\Documents\\ait_platform\\app\\__init__.py', reloading
2026-03-13 19:52:13,214 [INFO]  * Restarting with stat
2026-03-13 19:52:16,417 [INFO] [JINJA] searchpath: D:\Users\yeshk\Documents\ait_platform\app\../templates
2026-03-13 19:52:16,431 [WARNING]  * Debugger is active!
2026-03-13 19:52:16,434 [INFO]  * Debugger PIN: 126-212-810
2026-03-13 19:52:19,998 [INFO]  * Detected change in 'D:\\Users\\yeshk\\Documents\\ait_platform\\app\\cli.py', reloading
2026-03-13 19:52:20,667 [INFO]  * Restarting with stat
2026-03-13 19:52:24,015 [INFO] [JINJA] searchpath: D:\Users\yeshk\Documents\ait_platform\app\../templates
2026-03-13 19:52:24,029 [WARNING]  * Debugger is active!
2026-03-13 19:52:24,032 [INFO]  * Debugger PIN: 126-212-810
2026-03-13 19:53:09,928 [INFO]  * Detected change in 'D:\\Users\\yeshk\\Documents\\ait_platform\\app\\cli.py', reloading
2026-03-13 19:53:10,582 [INFO]  * Restarting with stat
2026-03-13 19:53:13,822 [INFO] [JINJA] searchpath: D:\Users\yeshk\Documents\ait_platform\app\../templates
2026-03-13 19:53:13,836 [WARNING]  * Debugger is active!
2026-03-13 19:53:13,839 [INFO]  * Debugger PIN: 126-212-810
2026-03-13 19:53:16,290 [INFO]  * Detected change in 'D:\\Users\\yeshk\\Documents\\ait_platform\\app\\__init__.py', reloading
2026-03-13 19:53:16,970 [INFO]  * Restarting with stat
2026-03-13 19:53:20,274 [INFO] [JINJA] searchpath: D:\Users\yeshk\Documents\ait_platform\app\../templates
2026-03-13 19:53:20,288 [WARNING]  * Debugger is active!
2026-03-13 19:53:20,292 [INFO]  * Debugger PIN: 126-212-810
2026-03-13 19:54:07,226 [INFO]  * Detected change in 'D:\\Users\\yeshk\\Documents\\ait_platform\\app\\__init__.py', reloading
2026-03-13 19:54:07,870 [INFO]  * Restarting with stat
2026-03-13 19:54:08,934 [WARNING]  * Debugger is active!
2026-03-13 19:54:08,937 [INFO]  * Debugger PIN: 747-502-437
2026-03-13 19:55:08,103 [INFO]  * Detected change in 'D:\\Users\\yeshk\\Documents\\ait_platform\\app\\cli.py', reloading
2026-03-13 19:55:08,310 [INFO]  * Restarting with stat
2026-03-13 19:55:09,406 [WARNING]  * Debugger is active!
2026-03-13 19:55:09,411 [INFO]  * Debugger PIN: 747-502-437
2026-03-13 20:00:38,982 [INFO]  * Detected change in 'D:\\Users\\yeshk\\Documents\\ait_platform\\app\\cli.py', reloading
2026-03-13 20:00:39,144 [INFO]  * Restarting with stat
2026-03-13 20:00:40,223 [WARNING]  * Debugger is active!
2026-03-13 20:00:40,226 [INFO]  * Debugger PIN: 747-502-437
2026-03-13 20:00:43,496 [INFO]  * Detected change in 'D:\\Users\\yeshk\\Documents\\ait_platform\\app\\__init__.py', reloading
2026-03-13 20:00:43,675 [INFO]  * Restarting with stat
2026-03-13 20:00:46,965 [INFO] [JINJA] searchpath: D:\Users\yeshk\Documents\ait_platform\app\../templates
2026-03-13 20:00:46,979 [WARNING]  * Debugger is active!
2026-03-13 20:00:46,983 [INFO]  * Debugger PIN: 126-212-810
2026-03-13 20:01:02,798 [INFO]  * Detected change in 'D:\\Users\\yeshk\\Documents\\ait_platform\\app\\cli.py', reloading
2026-03-13 20:01:03,427 [INFO]  * Restarting with stat
2026-03-13 20:01:06,629 [INFO] [JINJA] searchpath: D:\Users\yeshk\Documents\ait_platform\app\../templates
2026-03-13 20:01:06,642 [WARNING]  * Debugger is active!
2026-03-13 20:01:06,646 [INFO]  * Debugger PIN: 126-212-810
2026-03-13 20:02:53,650 [INFO]  * Detected change in 'D:\\Users\\yeshk\\Documents\\ait_platform\\app\\cli.py', reloading
2026-03-13 20:02:54,282 [INFO]  * Restarting with stat
2026-03-13 20:02:57,633 [INFO] [JINJA] searchpath: D:\Users\yeshk\Documents\ait_platform\app\../templates
2026-03-13 20:02:57,648 [WARNING]  * Debugger is active!
2026-03-13 20:02:57,651 [INFO]  * Debugger PIN: 126-212-810
2026-03-13 20:03:14,586 [INFO]  * Detected change in 'D:\\Users\\yeshk\\Documents\\ait_platform\\app\\__init__.py', reloading
2026-03-13 20:03:15,290 [INFO]  * Restarting with stat
2026-03-13 20:05:30,231 [INFO]  * Restarting with stat
2026-03-13 20:11:24,640 [INFO]  * Restarting with stat
2026-03-13 20:11:47,137 [INFO]  * Restarting with stat
2026-03-13 20:13:42,321 [INFO]  * Restarting with stat
2026-03-13 20:21:29,170 [INFO]  * Restarting with stat
2026-03-13 20:25:04,335 [INFO]  * Restarting with stat
2026-03-13 20:25:12,407 [INFO]  * Restarting with stat
2026-03-14 07:41:40,652 [INFO] [37e8f475] \u2192 GET / ep=public_bp.welcome args={} form={} user_id=None
2026-03-14 07:41:40,657 [INFO] Route hit: public_bp.welcome (/)
2026-03-14 07:41:40,660 [INFO] [37e8f475] \u2190 200 OK
2026-03-14 07:41:40,661 [INFO] 127.0.0.1 - - [14/Mar/2026 07:41:40] "GET / HTTP/1.1" 200 -
2026-03-14 07:41:40,914 [INFO] [a82b946d] \u2192 GET /static/favicon.ico ep=static args={} form={} user_id=None
2026-03-14 07:41:40,915 [INFO] Route hit: static (/static/favicon.ico)
2026-03-14 07:41:40,917 [INFO] [a82b946d] \u2190 304 NOT MODIFIED
2026-03-14 07:41:40,917 [INFO] 127.0.0.1 - - [14/Mar/2026 07:41:40] "[36mGET /static/favicon.ico HTTP/1.1[0m" 304 -
2026-03-14 07:48:55,011 [INFO] [3b7fcc3e] \u2192 GET / ep=public_bp.welcome args={} form={} user_id=None
2026-03-14 07:48:55,014 [INFO] Route hit: public_bp.welcome (/)
2026-03-14 07:48:55,015 [INFO] [3b7fcc3e] \u2190 200 OK
2026-03-14 07:48:55,016 [INFO] 127.0.0.1 - - [14/Mar/2026 07:48:55] "GET / HTTP/1.1" 200 -
2026-03-14 07:48:55,200 [INFO] [0fe1ab3e] \u2192 GET /static/favicon.ico ep=static args={} form={} user_id=None
2026-03-14 07:48:55,200 [INFO] Route hit: static (/static/favicon.ico)
2026-03-14 07:48:55,201 [INFO] [0fe1ab3e] \u2190 304 NOT MODIFIED
2026-03-14 07:48:55,201 [INFO] 127.0.0.1 - - [14/Mar/2026 07:48:55] "[36mGET /static/favicon.ico HTTP/1.1[0m" 304 -
2026-03-14 07:48:56,880 [INFO] [b16bc362] \u2192 GET /login ep=auth_bp.login_form args={} form={} user_id=None
2026-03-14 07:48:56,881 [INFO] Route hit: auth_bp.login_form (/login)
2026-03-14 07:48:56,884 [INFO] [b16bc362] \u2190 200 OK
2026-03-14 07:48:56,884 [INFO] 127.0.0.1 - - [14/Mar/2026 07:48:56] "GET /login HTTP/1.1" 200 -
2026-03-14 07:48:57,011 [INFO] [0336641c] \u2192 GET /favicon.ico ep=None args={} form={} user_id=None
2026-03-14 07:48:57,013 [INFO] Route hit: None (/favicon.ico)
2026-03-14 07:48:57,013 [INFO] [0336641c] \u2190 404 NOT FOUND
2026-03-14 07:48:57,013 [INFO] 127.0.0.1 - - [14/Mar/2026 07:48:57] "[33mGET /favicon.ico HTTP/1.1[0m" 404 -
2026-03-14 07:49:12,211 [INFO] [5f8139e8] \u2192 POST /login ep=auth_bp.login args={} form={'csrf_token': 'IjljODM5YWMzZDhlNGZjNzFhMWY3MDBiMzRiM2IzMzk2NzljMjA4ZTci.abT2yA.tJRclvhXQo5Rj-bD3q-q7HOX8qo', 'next': '', 'subject': '', 'email': 'san@gmail.com', 'password': '12345678', 'remember': 'y', 'submit': 'Sign in'} user_id=None
2026-03-14 07:49:12,212 [INFO] Route hit: auth_bp.login (/login)
2026-03-14 07:49:12,345 [INFO] [5f8139e8] \u2190 302 FOUND redirect to /bridge
2026-03-14 07:49:12,346 [INFO] 127.0.0.1 - - [14/Mar/2026 07:49:12] "[32mPOST /login HTTP/1.1[0m" 302 -
2026-03-14 07:49:12,352 [INFO] [4817dc7d] \u2192 GET /bridge ep=bridge_bp.bridge args={} form={} user_id=None
2026-03-14 07:49:12,354 [INFO] Route hit: bridge_bp.bridge (/bridge)
2026-03-14 07:49:12,357 [INFO] [4817dc7d] \u2190 200 OK
2026-03-14 07:49:12,358 [INFO] 127.0.0.1 - - [14/Mar/2026 07:49:12] "GET /bridge HTTP/1.1" 200 -
2026-03-14 07:49:12,442 [INFO] [bb7c5b51] \u2192 GET /static/favicon.ico ep=static args={} form={} user_id=None
2026-03-14 07:49:12,442 [INFO] Route hit: static (/static/favicon.ico)
2026-03-14 07:49:12,443 [INFO] [bb7c5b51] \u2190 304 NOT MODIFIED
2026-03-14 07:49:12,443 [INFO] 127.0.0.1 - - [14/Mar/2026 07:49:12] "[36mGET /static/favicon.ico HTTP/1.1[0m" 304 -
2026-03-14 07:49:16,369 [INFO] [632f8384] \u2192 GET /admin/general/ ep=general_bp.index args={} form={} user_id=None
2026-03-14 07:49:16,371 [INFO] Route hit: general_bp.index (/admin/general/)
2026-03-14 07:49:16,373 [INFO] [632f8384] \u2190 200 OK
2026-03-14 07:49:16,373 [INFO] 127.0.0.1 - - [14/Mar/2026 07:49:16] "GET /admin/general/ HTTP/1.1" 200 -
2026-03-14 07:49:16,531 [INFO] [e830aaaf] \u2192 GET /static/favicon.ico ep=static args={} form={} user_id=None
2026-03-14 07:49:16,531 [INFO] Route hit: static (/static/favicon.ico)
2026-03-14 07:49:16,531 [INFO] [e830aaaf] \u2190 304 NOT MODIFIED
2026-03-14 07:49:16,532 [INFO] 127.0.0.1 - - [14/Mar/2026 07:49:16] "[36mGET /static/favicon.ico HTTP/1.1[0m" 304 -
2026-03-14 07:49:19,945 [INFO] [81290116] \u2192 GET /admin/general/cleanup ep=general_bp.cleanup args={} form={} user_id=None
2026-03-14 07:49:19,948 [INFO] Route hit: general_bp.cleanup (/admin/general/cleanup)
2026-03-14 07:49:20,067 [INFO] [81290116] \u2190 200 OK
2026-03-14 07:49:20,067 [INFO] 127.0.0.1 - - [14/Mar/2026 07:49:20] "GET /admin/general/cleanup HTTP/1.1" 200 -
2026-03-14 07:49:20,201 [INFO] [9ca1e477] \u2192 GET /static/favicon.ico ep=static args={} form={} user_id=None
2026-03-14 07:49:20,201 [INFO] Route hit: static (/static/favicon.ico)
2026-03-14 07:49:20,202 [INFO] [9ca1e477] \u2190 304 NOT MODIFIED
2026-03-14 07:49:20,202 [INFO] 127.0.0.1 - - [14/Mar/2026 07:49:20] "[36mGET /static/favicon.ico HTTP/1.1[0m" 304 -
2026-03-14 08:00:09,387 [INFO] [06129f6d] \u2192 POST /logout ep=auth_bp.logout args={} form={'csrf_token': 'IjljODM5YWMzZDhlNGZjNzFhMWY3MDBiMzRiM2IzMzk2NzljMjA4ZTci.abT24A.nBJ-AbL4p9aNNpY5DJ8y0HgMmpo'} user_id=None
2026-03-14 08:00:09,389 [INFO] Route hit: auth_bp.logout (/logout)
2026-03-14 08:00:09,391 [INFO] [06129f6d] \u2190 302 FOUND redirect to /
2026-03-14 08:00:09,392 [INFO] 127.0.0.1 - - [14/Mar/2026 08:00:09] "[32mPOST /logout HTTP/1.1[0m" 302 -
2026-03-14 08:00:09,396 [INFO] [293e4fb2] \u2192 GET / ep=public_bp.welcome args={} form={} user_id=None
2026-03-14 08:00:09,399 [INFO] Route hit: public_bp.welcome (/)
2026-03-14 08:00:09,400 [INFO] [293e4fb2] \u2190 200 OK
2026-03-14 08:00:09,400 [INFO] 127.0.0.1 - - [14/Mar/2026 08:00:09] "GET / HTTP/1.1" 200 -
2026-03-14 08:00:09,493 [INFO] [f984f736] \u2192 GET /static/favicon.ico ep=static args={} form={} user_id=None
2026-03-14 08:00:09,493 [INFO] Route hit: static (/static/favicon.ico)
2026-03-14 08:00:09,493 [INFO] [f984f736] \u2190 304 NOT MODIFIED
2026-03-14 08:00:09,494 [INFO] 127.0.0.1 - - [14/Mar/2026 08:00:09] "[36mGET /static/favicon.ico HTTP/1.1[0m" 304 -
2026-03-14 08:00:15,408 [INFO] [d997d002] \u2192 GET /loss/about ep=loss_bp.about_loss args={'subject': 'loss'} form={} user_id=None
2026-03-14 08:00:15,411 [INFO] Route hit: loss_bp.about_loss (/loss/about)
2026-03-14 08:00:15,425 [INFO] [d997d002] \u2190 200 OK
2026-03-14 08:00:15,425 [INFO] 127.0.0.1 - - [14/Mar/2026 08:00:15] "GET /loss/about?subject=loss HTTP/1.1" 200 -
2026-03-14 08:00:15,541 [INFO] [d5e8a3ff] \u2192 GET /static/favicon.ico ep=static args={} form={} user_id=None
2026-03-14 08:00:15,541 [INFO] Route hit: static (/static/favicon.ico)
2026-03-14 08:00:15,541 [INFO] [d5e8a3ff] \u2190 304 NOT MODIFIED
2026-03-14 08:00:15,542 [INFO] 127.0.0.1 - - [14/Mar/2026 08:00:15] "[36mGET /static/favicon.ico HTTP/1.1[0m" 304 -
2026-03-14 08:00:18,007 [INFO] [bcf1fc72] \u2192 GET /register_form ep=auth_bp.show_register args={'role': 'user', 'subject': 'loss', 'next': '/loss/about'} form={} user_id=None
2026-03-14 08:00:18,009 [INFO] Route hit: auth_bp.show_register (/register_form)
2026-03-14 08:00:18,018 [INFO] [bcf1fc72] \u2190 200 OK
2026-03-14 08:00:18,018 [INFO] 127.0.0.1 - - [14/Mar/2026 08:00:18] "GET /register_form?role=user&subject=loss&next=/loss/about HTTP/1.1" 200 -
2026-03-14 08:00:18,146 [INFO] [5e8c2b96] \u2192 GET /static/favicon.ico ep=static args={} form={} user_id=None
2026-03-14 08:00:18,147 [INFO] Route hit: static (/static/favicon.ico)
2026-03-14 08:00:18,147 [INFO] [5e8c2b96] \u2190 304 NOT MODIFIED
2026-03-14 08:00:18,147 [INFO] 127.0.0.1 - - [14/Mar/2026 08:00:18] "[36mGET /static/favicon.ico HTTP/1.1[0m" 304 -
2026-03-14 08:00:56,368 [INFO] [5ace85cd] \u2192 POST /register ep=auth_bp.register args={} form={'csrf_token': 'IjJlM2Q2MDU2OTBkNTA1YTY1ZWEwNjlkZjU3MjBlY2Q3MTcyNGYwMWMi.abT5cg.q6laKZOWEevFk08bRxXDlqahpnA', 'full_name': 'loss3', 'email': 'loss3@gmail.com', 'password': '12345678', 'subject_slug': 'loss', 'country_code': 'None', 'price_id': 'None', 'plan': '', 'role': ''} user_id=None
2026-03-14 08:00:56,372 [INFO] Route hit: auth_bp.register (/register)
2026-03-14 08:00:56,532 [INFO] [5ace85cd] \u2190 302 FOUND redirect to /checkpoint
2026-03-14 08:00:56,533 [INFO] 127.0.0.1 - - [14/Mar/2026 08:00:56] "[32mPOST /register HTTP/1.1[0m" 302 -
2026-03-14 08:00:56,539 [INFO] [3da77fd0] \u2192 GET /checkpoint ep=modes_bp.modes_checkpoint_route args={} form={} user_id=None
2026-03-14 08:00:56,541 [INFO] Route hit: modes_bp.modes_checkpoint_route (/checkpoint)
2026-03-14 08:00:56,568 [INFO] [3da77fd0] \u2190 302 FOUND redirect to /bridge
2026-03-14 08:00:56,569 [INFO] 127.0.0.1 - - [14/Mar/2026 08:00:56] "[32mGET /checkpoint HTTP/1.1[0m" 302 -
2026-03-14 08:00:56,574 [INFO] [7a4b5ce1] \u2192 GET /bridge ep=bridge_bp.bridge args={} form={} user_id=None
2026-03-14 08:00:56,576 [INFO] Route hit: bridge_bp.bridge (/bridge)
2026-03-14 08:00:56,583 [INFO] [7a4b5ce1] \u2190 200 OK
2026-03-14 08:00:56,584 [INFO] 127.0.0.1 - - [14/Mar/2026 08:00:56] "GET /bridge HTTP/1.1" 200 -
2026-03-14 08:00:56,715 [INFO] [a17a1f05] \u2192 GET /static/favicon.ico ep=static args={} form={} user_id=None
2026-03-14 08:00:56,715 [INFO] Route hit: static (/static/favicon.ico)
2026-03-14 08:00:56,716 [INFO] [a17a1f05] \u2190 304 NOT MODIFIED
2026-03-14 08:00:56,716 [INFO] 127.0.0.1 - - [14/Mar/2026 08:00:56] "[36mGET /static/favicon.ico HTTP/1.1[0m" 304 -
2026-03-14 08:01:02,881 [INFO] [0516ea9b] \u2192 GET /loss/subject/home ep=loss_bp.subject_home args={'subject_id': '3'} form={} user_id=None
2026-03-14 08:01:02,882 [INFO] Route hit: loss_bp.subject_home (/loss/subject/home)
2026-03-14 08:01:02,909 [INFO] [0516ea9b] \u2190 200 OK
2026-03-14 08:01:02,910 [INFO] 127.0.0.1 - - [14/Mar/2026 08:01:02] "GET /loss/subject/home?subject_id=3 HTTP/1.1" 200 -
2026-03-14 08:01:03,039 [INFO] [0c360623] \u2192 GET /static/favicon.ico ep=static args={} form={} user_id=None
2026-03-14 08:01:03,039 [INFO] Route hit: static (/static/favicon.ico)
2026-03-14 08:01:03,040 [INFO] [0c360623] \u2190 304 NOT MODIFIED
2026-03-14 08:01:03,040 [INFO] 127.0.0.1 - - [14/Mar/2026 08:01:03] "[36mGET /static/favicon.ico HTTP/1.1[0m" 304 -
2026-03-14 08:03:18,033 [INFO] [c9495ff4] \u2192 GET / ep=public_bp.welcome args={} form={} user_id=None
2026-03-14 08:03:18,037 [INFO] Route hit: public_bp.welcome (/)
2026-03-14 08:03:18,039 [INFO] [c9495ff4] \u2190 200 OK
2026-03-14 08:03:18,040 [INFO] 127.0.0.1 - - [14/Mar/2026 08:03:18] "GET / HTTP/1.1" 200 -
2026-03-14 08:03:18,245 [INFO] [91524fd2] \u2192 GET /static/favicon.ico ep=static args={} form={} user_id=None
2026-03-14 08:03:18,246 [INFO] Route hit: static (/static/favicon.ico)
2026-03-14 08:03:18,246 [INFO] [91524fd2] \u2190 304 NOT MODIFIED
2026-03-14 08:03:18,247 [INFO] 127.0.0.1 - - [14/Mar/2026 08:03:18] "[36mGET /static/favicon.ico HTTP/1.1[0m" 304 -
2026-03-14 08:03:21,230 [INFO] [ea6fd3fd] \u2192 POST /logout ep=auth_bp.logout args={} form={'csrf_token': 'IjJlM2Q2MDU2OTBkNTA1YTY1ZWEwNjlkZjU3MjBlY2Q3MTcyNGYwMWMi.abT6Jg.N7pXafaxMl54dxKcxJk7_syEvDQ'} user_id=None
2026-03-14 08:03:21,232 [INFO] Route hit: auth_bp.logout (/logout)
2026-03-14 08:03:21,233 [INFO] [ea6fd3fd] \u2190 302 FOUND redirect to /
2026-03-14 08:03:21,233 [INFO] 127.0.0.1 - - [14/Mar/2026 08:03:21] "[32mPOST /logout HTTP/1.1[0m" 302 -
2026-03-14 08:03:21,238 [INFO] [083e7069] \u2192 GET / ep=public_bp.welcome args={} form={} user_id=None
2026-03-14 08:03:21,240 [INFO] Route hit: public_bp.welcome (/)
2026-03-14 08:03:21,241 [INFO] [083e7069] \u2190 200 OK
2026-03-14 08:03:21,242 [INFO] 127.0.0.1 - - [14/Mar/2026 08:03:21] "GET / HTTP/1.1" 200 -
2026-03-14 08:03:21,385 [INFO] [fcd12013] \u2192 GET /static/favicon.ico ep=static args={} form={} user_id=None
2026-03-14 08:03:21,385 [INFO] Route hit: static (/static/favicon.ico)
2026-03-14 08:03:21,385 [INFO] [fcd12013] \u2190 304 NOT MODIFIED
2026-03-14 08:03:21,385 [INFO] 127.0.0.1 - - [14/Mar/2026 08:03:21] "[36mGET /static/favicon.ico HTTP/1.1[0m" 304 -
2026-03-14 08:03:22,354 [INFO] [8e03dd72] \u2192 GET /login ep=auth_bp.login_form args={} form={} user_id=None
2026-03-14 08:03:22,355 [INFO] Route hit: auth_bp.login_form (/login)
2026-03-14 08:03:22,356 [INFO] [8e03dd72] \u2190 200 OK
2026-03-14 08:03:22,357 [INFO] 127.0.0.1 - - [14/Mar/2026 08:03:22] "GET /login HTTP/1.1" 200 -
2026-03-14 08:04:08,324 [INFO] [eb209e49] \u2192 POST /login ep=auth_bp.login args={} form={'csrf_token': 'ImFmZjM1NmM4NmMyNjdhMmM1YTIxNTY0MmY4ZWRhMjI1OGYyOTAxOTMi.abT6Kg.pLSwe6yzL6eJpmwzMDTusmPBBNs', 'next': '', 'subject': '', 'email': 'loss3@gmail.com', 'password': '12345678', 'submit': 'Sign in'} user_id=None
2026-03-14 08:04:08,325 [INFO] Route hit: auth_bp.login (/login)
2026-03-14 08:04:08,455 [INFO] [eb209e49] \u2190 302 FOUND redirect to /bridge
2026-03-14 08:04:08,456 [INFO] 127.0.0.1 - - [14/Mar/2026 08:04:08] "[32mPOST /login HTTP/1.1[0m" 302 -
2026-03-14 08:04:08,462 [INFO] [c656e559] \u2192 GET /bridge ep=bridge_bp.bridge args={} form={} user_id=None
2026-03-14 08:04:08,464 [INFO] Route hit: bridge_bp.bridge (/bridge)
2026-03-14 08:04:08,468 [INFO] [c656e559] \u2190 200 OK
2026-03-14 08:04:08,469 [INFO] 127.0.0.1 - - [14/Mar/2026 08:04:08] "GET /bridge HTTP/1.1" 200 -
2026-03-14 08:04:08,604 [INFO] [5f6449cf] \u2192 GET /static/favicon.ico ep=static args={} form={} user_id=None
2026-03-14 08:04:08,604 [INFO] Route hit: static (/static/favicon.ico)
2026-03-14 08:04:08,605 [INFO] [5f6449cf] \u2190 304 NOT MODIFIED
2026-03-14 08:04:08,605 [INFO] 127.0.0.1 - - [14/Mar/2026 08:04:08] "[36mGET /static/favicon.ico HTTP/1.1[0m" 304 -
2026-03-14 08:05:36,866 [INFO] [a1ea6cd3] \u2192 GET / ep=public_bp.welcome args={} form={} user_id=None
2026-03-14 08:05:36,870 [INFO] Route hit: public_bp.welcome (/)
2026-03-14 08:05:36,872 [INFO] [a1ea6cd3] \u2190 200 OK
2026-03-14 08:05:36,872 [INFO] 127.0.0.1 - - [14/Mar/2026 08:05:36] "GET / HTTP/1.1" 200 -
2026-03-14 08:05:37,077 [INFO] [1bb21534] \u2192 GET /static/favicon.ico ep=static args={} form={} user_id=None
2026-03-14 08:05:37,077 [INFO] Route hit: static (/static/favicon.ico)
2026-03-14 08:05:37,078 [INFO] [1bb21534] \u2190 304 NOT MODIFIED
2026-03-14 08:05:37,078 [INFO] 127.0.0.1 - - [14/Mar/2026 08:05:37] "[36mGET /static/favicon.ico HTTP/1.1[0m" 304 -
2026-03-14 08:05:44,289 [INFO] [aafbcb4e] \u2192 POST /logout ep=auth_bp.logout args={} form={'csrf_token': 'ImFmZjM1NmM4NmMyNjdhMmM1YTIxNTY0MmY4ZWRhMjI1OGYyOTAxOTMi.abT6sA.RnJP2DwSXmMMc-mVsIGuOfQ4vGw'} user_id=None
2026-03-14 08:05:44,291 [INFO] Route hit: auth_bp.logout (/logout)
2026-03-14 08:05:44,292 [INFO] [aafbcb4e] \u2190 302 FOUND redirect to /
2026-03-14 08:05:44,292 [INFO] 127.0.0.1 - - [14/Mar/2026 08:05:44] "[32mPOST /logout HTTP/1.1[0m" 302 -
2026-03-14 08:05:44,297 [INFO] [d328a02e] \u2192 GET / ep=public_bp.welcome args={} form={} user_id=None
2026-03-14 08:05:44,298 [INFO] Route hit: public_bp.welcome (/)
2026-03-14 08:05:44,299 [INFO] [d328a02e] \u2190 200 OK
2026-03-14 08:05:44,300 [INFO] 127.0.0.1 - - [14/Mar/2026 08:05:44] "GET / HTTP/1.1" 200 -
2026-03-14 08:05:44,425 [INFO] [d29b9718] \u2192 GET /static/favicon.ico ep=static args={} form={} user_id=None
2026-03-14 08:05:44,425 [INFO] Route hit: static (/static/favicon.ico)
2026-03-14 08:05:44,426 [INFO] [d29b9718] \u2190 304 NOT MODIFIED
2026-03-14 08:05:44,426 [INFO] 127.0.0.1 - - [14/Mar/2026 08:05:44] "[36mGET /static/favicon.ico HTTP/1.1[0m" 304 -
2026-03-14 08:05:49,198 [INFO] [cb33dfca] \u2192 GET /loss/about ep=loss_bp.about_loss args={'subject': 'loss'} form={} user_id=None
2026-03-14 08:05:49,200 [INFO] Route hit: loss_bp.about_loss (/loss/about)
2026-03-14 08:05:49,202 [INFO] [cb33dfca] \u2190 200 OK
2026-03-14 08:05:49,202 [INFO] 127.0.0.1 - - [14/Mar/2026 08:05:49] "GET /loss/about?subject=loss HTTP/1.1" 200 -
2026-03-14 08:05:49,334 [INFO] [51faee48] \u2192 GET /static/favicon.ico ep=static args={} form={} user_id=None
2026-03-14 08:05:49,334 [INFO] Route hit: static (/static/favicon.ico)
2026-03-14 08:05:49,335 [INFO] [51faee48] \u2190 304 NOT MODIFIED
2026-03-14 08:05:49,335 [INFO] 127.0.0.1 - - [14/Mar/2026 08:05:49] "[36mGET /static/favicon.ico HTTP/1.1[0m" 304 -
2026-03-14 08:05:51,158 [INFO] [9d9051c6] \u2192 GET /register_form ep=auth_bp.show_register args={'role': 'user', 'subject': 'loss', 'next': '/loss/about'} form={} user_id=None
2026-03-14 08:05:51,159 [INFO] Route hit: auth_bp.show_register (/register_form)
2026-03-14 08:05:51,161 [INFO] [9d9051c6] \u2190 200 OK
2026-03-14 08:05:51,162 [INFO] 127.0.0.1 - - [14/Mar/2026 08:05:51] "GET /register_form?role=user&subject=loss&next=/loss/about HTTP/1.1" 200 -
2026-03-14 08:05:51,306 [INFO] [606c1017] \u2192 GET /static/favicon.ico ep=static args={} form={} user_id=None
2026-03-14 08:05:51,306 [INFO] Route hit: static (/static/favicon.ico)
2026-03-14 08:05:51,307 [INFO] [606c1017] \u2190 304 NOT MODIFIED
2026-03-14 08:05:51,307 [INFO] 127.0.0.1 - - [14/Mar/2026 08:05:51] "[36mGET /static/favicon.ico HTTP/1.1[0m" 304 -
2026-03-14 15:59:49,323 [INFO] [0f583a61] \u2192 GET / ep=public_bp.welcome args={} form={} user_id=None
2026-03-14 15:59:49,331 [INFO] Route hit: public_bp.welcome (/)
2026-03-14 15:59:49,334 [INFO] [0f583a61] \u2190 200 OK
2026-03-14 15:59:49,335 [INFO] 127.0.0.1 - - [14/Mar/2026 15:59:49] "GET / HTTP/1.1" 200 -
2026-03-14 15:59:49,548 [INFO] [4ffac072] \u2192 GET /static/favicon.ico ep=static args={} form={} user_id=None
2026-03-14 15:59:49,548 [INFO] Route hit: static (/static/favicon.ico)
2026-03-14 15:59:49,549 [INFO] [4ffac072] \u2190 304 NOT MODIFIED
2026-03-14 15:59:49,549 [INFO] 127.0.0.1 - - [14/Mar/2026 15:59:49] "[36mGET /static/favicon.ico HTTP/1.1[0m" 304 -
2026-03-14 15:59:52,581 [INFO] [5e9b945a] \u2192 GET /loss/about ep=loss_bp.about_loss args={'subject': 'loss'} form={} user_id=None
2026-03-14 15:59:52,582 [INFO] Route hit: loss_bp.about_loss (/loss/about)
2026-03-14 15:59:52,587 [INFO] [5e9b945a] \u2190 200 OK
2026-03-14 15:59:52,587 [INFO] 127.0.0.1 - - [14/Mar/2026 15:59:52] "GET /loss/about?subject=loss HTTP/1.1" 200 -
2026-03-14 15:59:52,700 [INFO] [e01a6c3b] \u2192 GET /static/favicon.ico ep=static args={} form={} user_id=None
2026-03-14 15:59:52,700 [INFO] Route hit: static (/static/favicon.ico)
2026-03-14 15:59:52,700 [INFO] [e01a6c3b] \u2190 304 NOT MODIFIED
2026-03-14 15:59:52,701 [INFO] 127.0.0.1 - - [14/Mar/2026 15:59:52] "[36mGET /static/favicon.ico HTTP/1.1[0m" 304 -
2026-03-14 15:59:54,509 [INFO] [fd86ae46] \u2192 GET /register_form ep=auth_bp.show_register args={'role': 'user', 'subject': 'loss', 'next': '/loss/about'} form={} user_id=None
2026-03-14 15:59:54,511 [INFO] Route hit: auth_bp.show_register (/register_form)
2026-03-14 15:59:54,514 [INFO] [fd86ae46] \u2190 200 OK
2026-03-14 15:59:54,515 [INFO] 127.0.0.1 - - [14/Mar/2026 15:59:54] "GET /register_form?role=user&subject=loss&next=/loss/about HTTP/1.1" 200 -
2026-03-14 15:59:54,659 [INFO] [dbcffcdf] \u2192 GET /static/favicon.ico ep=static args={} form={} user_id=None
2026-03-14 15:59:54,659 [INFO] Route hit: static (/static/favicon.ico)
2026-03-14 15:59:54,660 [INFO] [dbcffcdf] \u2190 304 NOT MODIFIED
2026-03-14 15:59:54,661 [INFO] 127.0.0.1 - - [14/Mar/2026 15:59:54] "[36mGET /static/favicon.ico HTTP/1.1[0m" 304 -
2026-03-14 16:00:11,877 [INFO] [1d58e424] \u2192 POST /register ep=auth_bp.register args={} form={'csrf_token': 'ImIzMWJlNTE2NTdjNjVlM2M5ZjBkYzBhNDU5YzdiOWIzNWYwMGI0MmIi.abVp2g.aCvkGaNCGuVHQ6lgeddgHgSJVmY', 'full_name': 'loss4', 'email': 'loss4@gmail.com', 'password': '12345678', 'subject_slug': 'loss', 'country_code': 'None', 'price_id': 'None', 'plan': '', 'role': ''} user_id=None
2026-03-14 16:00:11,879 [INFO] Route hit: auth_bp.register (/register)
2026-03-14 16:00:12,027 [INFO] [1d58e424] \u2190 302 FOUND redirect to /checkpoint
2026-03-14 16:00:12,028 [INFO] 127.0.0.1 - - [14/Mar/2026 16:00:12] "[32mPOST /register HTTP/1.1[0m" 302 -
2026-03-14 16:00:12,034 [INFO] [2565faf3] \u2192 GET /checkpoint ep=modes_bp.modes_checkpoint_route args={} form={} user_id=None
2026-03-14 16:00:12,035 [INFO] Route hit: modes_bp.modes_checkpoint_route (/checkpoint)
2026-03-14 16:00:12,041 [INFO] [2565faf3] \u2190 302 FOUND redirect to /bridge
2026-03-14 16:00:12,041 [INFO] 127.0.0.1 - - [14/Mar/2026 16:00:12] "[32mGET /checkpoint HTTP/1.1[0m" 302 -
2026-03-14 16:00:12,049 [INFO] [d837229c] \u2192 GET /bridge ep=bridge_bp.bridge args={} form={} user_id=None
2026-03-14 16:00:12,051 [INFO] Route hit: bridge_bp.bridge (/bridge)
2026-03-14 16:00:12,055 [INFO] [d837229c] \u2190 200 OK
2026-03-14 16:00:12,056 [INFO] 127.0.0.1 - - [14/Mar/2026 16:00:12] "GET /bridge HTTP/1.1" 200 -
2026-03-14 16:00:12,192 [INFO] [924de3c7] \u2192 GET /static/favicon.ico ep=static args={} form={} user_id=None
2026-03-14 16:00:12,193 [INFO] Route hit: static (/static/favicon.ico)
2026-03-14 16:00:12,193 [INFO] [924de3c7] \u2190 304 NOT MODIFIED
2026-03-14 16:00:12,194 [INFO] 127.0.0.1 - - [14/Mar/2026 16:00:12] "[36mGET /static/favicon.ico HTTP/1.1[0m" 304 -
2026-03-14 16:00:14,966 [INFO] [c5341fce] \u2192 GET /loss/subject/home ep=loss_bp.subject_home args={'subject_id': '3'} form={} user_id=None
2026-03-14 16:00:14,968 [INFO] Route hit: loss_bp.subject_home (/loss/subject/home)
2026-03-14 16:00:14,971 [INFO] [c5341fce] \u2190 200 OK
2026-03-14 16:00:14,971 [INFO] 127.0.0.1 - - [14/Mar/2026 16:00:14] "GET /loss/subject/home?subject_id=3 HTTP/1.1" 200 -
2026-03-14 16:00:15,093 [INFO] [066f33b7] \u2192 GET /static/favicon.ico ep=static args={} form={} user_id=None
2026-03-14 16:00:15,094 [INFO] Route hit: static (/static/favicon.ico)
2026-03-14 16:00:15,095 [INFO] [066f33b7] \u2190 304 NOT MODIFIED
2026-03-14 16:00:15,096 [INFO] 127.0.0.1 - - [14/Mar/2026 16:00:15] "[36mGET /static/favicon.ico HTTP/1.1[0m" 304 -
2026-03-14 18:58:09,063 [INFO] [876c3c87] \u2192 GET / ep=public_bp.welcome args={} form={} user_id=None
2026-03-14 18:58:09,066 [INFO] Route hit: public_bp.welcome (/)
2026-03-14 18:58:09,068 [INFO] [876c3c87] \u2190 200 OK
2026-03-14 18:58:09,069 [INFO] 127.0.0.1 - - [14/Mar/2026 18:58:09] "GET / HTTP/1.1" 200 -
2026-03-14 18:58:09,261 [INFO] [ffb33902] \u2192 GET /static/favicon.ico ep=static args={} form={} user_id=None
2026-03-14 18:58:09,261 [INFO] Route hit: static (/static/favicon.ico)
2026-03-14 18:58:09,262 [INFO] [ffb33902] \u2190 304 NOT MODIFIED
2026-03-14 18:58:09,262 [INFO] 127.0.0.1 - - [14/Mar/2026 18:58:09] "[36mGET /static/favicon.ico HTTP/1.1[0m" 304 -
2026-03-14 18:58:12,445 [INFO] [ebd82306] \u2192 GET /login ep=auth_bp.login_form args={} form={} user_id=None
2026-03-14 18:58:12,462 [INFO] Route hit: auth_bp.login_form (/login)
2026-03-14 18:58:12,464 [INFO] [ebd82306] \u2190 200 OK
2026-03-14 18:58:12,464 [INFO] 127.0.0.1 - - [14/Mar/2026 18:58:12] "GET /login HTTP/1.1" 200 -
2026-03-14 18:58:12,575 [INFO] [666a6624] \u2192 GET /favicon.ico ep=None args={} form={} user_id=None
2026-03-14 18:58:12,577 [INFO] Route hit: None (/favicon.ico)
2026-03-14 18:58:12,577 [INFO] [666a6624] \u2190 404 NOT FOUND
2026-03-14 18:58:12,577 [INFO] 127.0.0.1 - - [14/Mar/2026 18:58:12] "[33mGET /favicon.ico HTTP/1.1[0m" 404 -
2026-03-14 18:58:23,980 [INFO] [290331d0] \u2192 POST /login ep=auth_bp.login args={} form={'csrf_token': 'IjM0N2Y4MzQ1MjRhMzQyMDYyYzBlMzRkNjY2MjE2YmZkNTM4OTZmYzYi.abWTpA.cl3JlSEJaoVtG4bnsgrH0-Azryc', 'next': '', 'subject': '', 'email': 'san@gmail.com', 'password': '12345678', 'submit': 'Sign in'} user_id=None
2026-03-14 18:58:23,982 [INFO] Route hit: auth_bp.login (/login)
2026-03-14 18:58:24,124 [INFO] [290331d0] \u2190 302 FOUND redirect to /bridge
2026-03-14 18:58:24,125 [INFO] 127.0.0.1 - - [14/Mar/2026 18:58:24] "[32mPOST /login HTTP/1.1[0m" 302 -
2026-03-14 18:58:24,131 [INFO] [92cc85de] \u2192 GET /bridge ep=bridge_bp.bridge args={} form={} user_id=None
2026-03-14 18:58:24,133 [INFO] Route hit: bridge_bp.bridge (/bridge)
2026-03-14 18:58:24,136 [INFO] [92cc85de] \u2190 200 OK
2026-03-14 18:58:24,137 [INFO] 127.0.0.1 - - [14/Mar/2026 18:58:24] "GET /bridge HTTP/1.1" 200 -
2026-03-14 18:58:24,279 [INFO] [8e73961d] \u2192 GET /static/favicon.ico ep=static args={} form={} user_id=None
2026-03-14 18:58:24,280 [INFO] Route hit: static (/static/favicon.ico)
2026-03-14 18:58:24,280 [INFO] [8e73961d] \u2190 304 NOT MODIFIED
2026-03-14 18:58:24,280 [INFO] 127.0.0.1 - - [14/Mar/2026 18:58:24] "[36mGET /static/favicon.ico HTTP/1.1[0m" 304 -
2026-03-14 19:03:28,859 [INFO] [70ae4e40] \u2192 GET / ep=public_bp.welcome args={} form={} user_id=None
2026-03-14 19:03:28,863 [INFO] Route hit: public_bp.welcome (/)
2026-03-14 19:03:28,865 [INFO] [70ae4e40] \u2190 200 OK
2026-03-14 19:03:28,866 [INFO] 127.0.0.1 - - [14/Mar/2026 19:03:28] "GET / HTTP/1.1" 200 -
2026-03-14 19:03:29,050 [INFO] [aeba5809] \u2192 GET /static/favicon.ico ep=static args={} form={} user_id=None
2026-03-14 19:03:29,050 [INFO] Route hit: static (/static/favicon.ico)
2026-03-14 19:03:29,051 [INFO] [aeba5809] \u2190 304 NOT MODIFIED
2026-03-14 19:03:29,051 [INFO] 127.0.0.1 - - [14/Mar/2026 19:03:29] "[36mGET /static/favicon.ico HTTP/1.1[0m" 304 -
2026-03-14 19:03:31,612 [INFO] [4debede8] \u2192 POST /logout ep=auth_bp.logout args={} form={'csrf_token': 'IjM0N2Y4MzQ1MjRhMzQyMDYyYzBlMzRkNjY2MjE2YmZkNTM4OTZmYzYi.abWU4A.bH8QA07gwjuAov4xFluSNzJYvFg'} user_id=None
2026-03-14 19:03:31,614 [INFO] Route hit: auth_bp.logout (/logout)
2026-03-14 19:03:31,615 [INFO] [4debede8] \u2190 302 FOUND redirect to /
2026-03-14 19:03:31,616 [INFO] 127.0.0.1 - - [14/Mar/2026 19:03:31] "[32mPOST /logout HTTP/1.1[0m" 302 -
2026-03-14 19:03:31,620 [INFO] [af656fe7] \u2192 GET / ep=public_bp.welcome args={} form={} user_id=None
2026-03-14 19:03:31,622 [INFO] Route hit: public_bp.welcome (/)
2026-03-14 19:03:31,623 [INFO] [af656fe7] \u2190 200 OK
2026-03-14 19:03:31,623 [INFO] 127.0.0.1 - - [14/Mar/2026 19:03:31] "GET / HTTP/1.1" 200 -
2026-03-14 19:03:31,749 [INFO] [717f42a2] \u2192 GET /static/favicon.ico ep=static args={} form={} user_id=None
2026-03-14 19:03:31,749 [INFO] Route hit: static (/static/favicon.ico)
2026-03-14 19:03:31,750 [INFO] [717f42a2] \u2190 304 NOT MODIFIED
2026-03-14 19:03:31,750 [INFO] 127.0.0.1 - - [14/Mar/2026 19:03:31] "[36mGET /static/favicon.ico HTTP/1.1[0m" 304 -
2026-03-14 19:03:32,826 [INFO] [2ea73168] \u2192 GET /login ep=auth_bp.login_form args={} form={} user_id=None
2026-03-14 19:03:32,828 [INFO] Route hit: auth_bp.login_form (/login)
2026-03-14 19:03:32,829 [INFO] [2ea73168] \u2190 200 OK
2026-03-14 19:03:32,829 [INFO] 127.0.0.1 - - [14/Mar/2026 19:03:32] "GET /login HTTP/1.1" 200 -
2026-03-14 19:03:52,908 [INFO] [91f3b7ad] \u2192 POST /login ep=auth_bp.login args={} form={'csrf_token': 'ImIxYmQ1ZDBiZjFiMTM2ZDIxNzZiYWQwODhmZjc4MzQ4NDcxNDQwNTYi.abWU5A.oI4wAy9wScen9UNtUuzgahXwILk', 'next': '', 'subject': '', 'email': 'san@gmail.com', 'password': '12345678', 'submit': 'Sign in'} user_id=None
2026-03-14 19:03:52,909 [INFO] Route hit: auth_bp.login (/login)
2026-03-14 19:03:53,072 [INFO] [91f3b7ad] \u2190 302 FOUND redirect to /bridge
2026-03-14 19:03:53,073 [INFO] 127.0.0.1 - - [14/Mar/2026 19:03:53] "[32mPOST /login HTTP/1.1[0m" 302 -
2026-03-14 19:03:53,079 [INFO] [a45aa9f8] \u2192 GET /bridge ep=bridge_bp.bridge args={} form={} user_id=None
2026-03-14 19:03:53,081 [INFO] Route hit: bridge_bp.bridge (/bridge)
2026-03-14 19:03:53,084 [INFO] [a45aa9f8] \u2190 200 OK
2026-03-14 19:03:53,084 [INFO] 127.0.0.1 - - [14/Mar/2026 19:03:53] "GET /bridge HTTP/1.1" 200 -
2026-03-14 19:03:53,230 [INFO] [a49e47b5] \u2192 GET /static/favicon.ico ep=static args={} form={} user_id=None
2026-03-14 19:03:53,230 [INFO] Route hit: static (/static/favicon.ico)
2026-03-14 19:03:53,230 [INFO] [a49e47b5] \u2190 304 NOT MODIFIED
2026-03-14 19:03:53,231 [INFO] 127.0.0.1 - - [14/Mar/2026 19:03:53] "[36mGET /static/favicon.ico HTTP/1.1[0m" 304 -
2026-03-14 19:03:57,069 [INFO] [19e34651] \u2192 GET /admin/general/ ep=general_bp.index args={} form={} user_id=None
2026-03-14 19:03:57,072 [INFO] Route hit: general_bp.index (/admin/general/)
2026-03-14 19:03:57,074 [INFO] [19e34651] \u2190 200 OK
2026-03-14 19:03:57,075 [INFO] 127.0.0.1 - - [14/Mar/2026 19:03:57] "GET /admin/general/ HTTP/1.1" 200 -
2026-03-14 19:03:57,235 [INFO] [7b12add7] \u2192 GET /static/favicon.ico ep=static args={} form={} user_id=None
2026-03-14 19:03:57,235 [INFO] Route hit: static (/static/favicon.ico)
2026-03-14 19:03:57,236 [INFO] [7b12add7] \u2190 304 NOT MODIFIED
2026-03-14 19:03:57,236 [INFO] 127.0.0.1 - - [14/Mar/2026 19:03:57] "[36mGET /static/favicon.ico HTTP/1.1[0m" 304 -
2026-03-14 19:03:58,716 [INFO] [80134c5e] \u2192 GET /admin/general/cleanup ep=general_bp.cleanup args={} form={} user_id=None
2026-03-14 19:03:58,718 [INFO] Route hit: general_bp.cleanup (/admin/general/cleanup)
2026-03-14 19:03:58,843 [INFO] [80134c5e] \u2190 200 OK
2026-03-14 19:03:58,843 [INFO] 127.0.0.1 - - [14/Mar/2026 19:03:58] "GET /admin/general/cleanup HTTP/1.1" 200 -
2026-03-14 19:03:58,983 [INFO] [559178f9] \u2192 GET /static/favicon.ico ep=static args={} form={} user_id=None
2026-03-14 19:03:58,983 [INFO] Route hit: static (/static/favicon.ico)
2026-03-14 19:03:58,983 [INFO] [559178f9] \u2190 304 NOT MODIFIED
2026-03-14 19:03:58,983 [INFO] 127.0.0.1 - - [14/Mar/2026 19:03:58] "[36mGET /static/favicon.ico HTTP/1.1[0m" 304 -
2026-03-14 19:04:09,349 [INFO] [c020fc49] \u2192 POST /admin/general/cleanup/filter ep=general_bp.set_flash_filter args={} form={'csrf_token': 'ImIxYmQ1ZDBiZjFiMTM2ZDIxNzZiYWQwODhmZjc4MzQ4NDcxNDQwNTYi.abWU_g.OllO2c55tmBwJTwRU7xyufK0-fo', 'flash_filter': 'none'} user_id=None
2026-03-14 19:04:09,351 [INFO] Route hit: general_bp.set_flash_filter (/admin/general/cleanup/filter)
2026-03-14 19:04:09,391 [INFO] [c020fc49] \u2190 302 FOUND redirect to /admin/general/cleanup
2026-03-14 19:04:09,394 [INFO] 127.0.0.1 - - [14/Mar/2026 19:04:09] "[32mPOST /admin/general/cleanup/filter HTTP/1.1[0m" 302 -
2026-03-14 19:04:09,399 [INFO] [d1babdb4] \u2192 GET /admin/general/cleanup ep=general_bp.cleanup args={} form={} user_id=None
2026-03-14 19:04:09,401 [INFO] Route hit: general_bp.cleanup (/admin/general/cleanup)
2026-03-14 19:04:09,522 [INFO] [d1babdb4] \u2190 200 OK
2026-03-14 19:04:09,522 [INFO] 127.0.0.1 - - [14/Mar/2026 19:04:09] "GET /admin/general/cleanup HTTP/1.1" 200 -
2026-03-14 19:04:09,661 [INFO] [a2df98cf] \u2192 GET /static/favicon.ico ep=static args={} form={} user_id=None
2026-03-14 19:04:09,661 [INFO] Route hit: static (/static/favicon.ico)
2026-03-14 19:04:09,662 [INFO] [a2df98cf] \u2190 304 NOT MODIFIED
2026-03-14 19:04:09,662 [INFO] 127.0.0.1 - - [14/Mar/2026 19:04:09] "[36mGET /static/favicon.ico HTTP/1.1[0m" 304 -
